#
# There is insufficient memory for the Java Runtime Environment to continue.
# Native memory allocation (malloc) failed to allocate 32744 bytes for Chunk::new
# Possible reasons:
#   The system is out of physical RAM or swap space
#   The process is running with CompressedOops enabled, and the Java Heap may be blocking the growth of the native heap
# Possible solutions:
#   Reduce memory load on the system
#   Increase physical memory or swap space
#   Check if swap backing store is full
#   Decrease Java heap size (-Xmx/-Xms)
#   Decrease number of Java threads
#   Decrease Java thread stack sizes (-Xss)
#   Set larger code cache with -XX:ReservedCodeCacheSize=
#   JVM is running with Unscaled Compressed Oops mode in which the Java heap is
#     placed in the first 4GB address space. The Java Heap base address is the
#     maximum limit for the native heap growth. Please use -XX:HeapBaseMinAddress
#     to set the Java Heap base and to place the Java Heap above 4GB virtual address.
# This output file may be truncated or incomplete.
#
#  Out of Memory Error (arena.cpp:168), pid=8976, tid=9548
#
# JRE version: Java(TM) SE Runtime Environment (21.0.7+8) (build 21.0.7+8-LTS-245)
# Java VM: Java HotSpot(TM) 64-Bit Server VM (21.0.7+8-LTS-245, mixed mode, sharing, tiered, compressed oops, compressed class ptrs, g1 gc, windows-amd64)
# No core dump will be written. Minidumps are not enabled by default on client versions of Windows
#

---------------  S U M M A R Y ------------

Command Line: -Xmx64m -Xms64m -Dorg.gradle.appname=gradlew D:\Reactnative\CRM\Crm-App\android\\gradle\wrapper\gradle-wrapper.jar assembleRelease

Host: AMD Ryzen 5 5600H with Radeon Graphics         , 12 cores, 7G,  Windows 11 , 64 bit Build 22000 (10.0.22000.1516)
Time: Tue Mar 31 14:18:50 2026 India Standard Time elapsed time: 139.753126 seconds (0d 0h 2m 19s)

---------------  T H R E A D  ---------------

Current thread (0x0000026b4aa1eac0):  JavaThread "C2 CompilerThread0" daemon [_thread_in_native, id=9548, stack(0x000000c8adc00000,0x000000c8add00000) (1024K)]


Current CompileTask:
C2: 139759 2282       4       org.gradle.internal.logging.text.AbstractLineChoppingStyledTextOutput$1::execute (9 bytes)

Stack: [0x000000c8adc00000,0x000000c8add00000]
Native frames: (J=compiled Java code, j=interpreted, Vv=VM code, C=native code)
V  [jvm.dll+0x6cae19]
V  [jvm.dll+0x855741]
V  [jvm.dll+0x857c6e]
V  [jvm.dll+0x858343]
V  [jvm.dll+0x27e0b6]
V  [jvm.dll+0xc4ecd]
V  [jvm.dll+0xc5403]
V  [jvm.dll+0x6f66fc]
V  [jvm.dll+0x1dfae6]
V  [jvm.dll+0x246c82]
V  [jvm.dll+0x24610f]
V  [jvm.dll+0x1c6efe]
V  [jvm.dll+0x255819]
V  [jvm.dll+0x253daa]
V  [jvm.dll+0x3eebb6]
V  [jvm.dll+0x7ffa1b]
V  [jvm.dll+0x6c94fd]
C  [ucrtbase.dll+0x26c0c]
C  [KERNEL32.DLL+0x155a0]
C  [ntdll.dll+0x485b]


---------------  P R O C E S S  ---------------

Threads class SMR info:
_java_thread_list=0x0000026b909de6a0, length=12, elements={
0x0000026b2dfac7a0, 0x0000026b30406b90, 0x0000026b3040a600, 0x0000026b3040ca10,
0x0000026b3040d460, 0x0000026b3040e650, 0x0000026b4aa118b0, 0x0000026b4aa1eac0,
0x0000026b4aa1fe20, 0x0000026b4acb2a00, 0x0000026b4acb5e80, 0x0000026b4acb3090
}

Java Threads: ( => current thread )
  0x0000026b2dfac7a0 JavaThread "main"                              [_thread_in_native, id=20044, stack(0x000000c8ace00000,0x000000c8acf00000) (1024K)]
  0x0000026b30406b90 JavaThread "Reference Handler"          daemon [_thread_blocked, id=31152, stack(0x000000c8ad600000,0x000000c8ad700000) (1024K)]
  0x0000026b3040a600 JavaThread "Finalizer"                  daemon [_thread_blocked, id=9740, stack(0x000000c8ad700000,0x000000c8ad800000) (1024K)]
  0x0000026b3040ca10 JavaThread "Signal Dispatcher"          daemon [_thread_blocked, id=12380, stack(0x000000c8ad800000,0x000000c8ad900000) (1024K)]
  0x0000026b3040d460 JavaThread "Attach Listener"            daemon [_thread_blocked, id=28780, stack(0x000000c8ad900000,0x000000c8ada00000) (1024K)]
  0x0000026b3040e650 JavaThread "Service Thread"             daemon [_thread_blocked, id=25804, stack(0x000000c8ada00000,0x000000c8adb00000) (1024K)]
  0x0000026b4aa118b0 JavaThread "Monitor Deflation Thread"   daemon [_thread_blocked, id=20696, stack(0x000000c8adb00000,0x000000c8adc00000) (1024K)]
=>0x0000026b4aa1eac0 JavaThread "C2 CompilerThread0"         daemon [_thread_in_native, id=9548, stack(0x000000c8adc00000,0x000000c8add00000) (1024K)]
  0x0000026b4aa1fe20 JavaThread "C1 CompilerThread0"         daemon [_thread_in_native, id=6768, stack(0x000000c8add00000,0x000000c8ade00000) (1024K)]
  0x0000026b4acb2a00 JavaThread "Notification Thread"        daemon [_thread_blocked, id=5800, stack(0x000000c8ade00000,0x000000c8adf00000) (1024K)]
  0x0000026b4acb5e80 JavaThread "Common-Cleaner"             daemon [_thread_blocked, id=29572, stack(0x000000c8adf00000,0x000000c8ae000000) (1024K)]
  0x0000026b4acb3090 JavaThread "pool-1-thread-1"                   [_thread_blocked, id=20288, stack(0x000000c8ae300000,0x000000c8ae400000) (1024K)]
Total: 12

Other Threads:
  0x0000026b303ef920 VMThread "VM Thread"                           [id=10200, stack(0x000000c8ad500000,0x000000c8ad600000) (1024K)]
  0x0000026b4aa0cb00 WatcherThread "VM Periodic Task Thread"        [id=19476, stack(0x000000c8ad400000,0x000000c8ad500000) (1024K)]
  0x0000026b303545d0 WorkerThread "GC Thread#0"                     [id=20336, stack(0x000000c8acf00000,0x000000c8ad000000) (1024K)]
  0x0000026b4ae1ffa0 WorkerThread "GC Thread#1"                     [id=12768, stack(0x000000c8ae000000,0x000000c8ae100000) (1024K)]
  0x0000026b4ae54400 WorkerThread "GC Thread#2"                     [id=21320, stack(0x000000c8ae100000,0x000000c8ae200000) (1024K)]
  0x0000026b4ae547a0 WorkerThread "GC Thread#3"                     [id=28840, stack(0x000000c8ae200000,0x000000c8ae300000) (1024K)]
  0x0000026b90b53880 WorkerThread "GC Thread#4"                     [id=19828, stack(0x000000c8ae400000,0x000000c8ae500000) (1024K)]
  0x0000026b90b53c20 WorkerThread "GC Thread#5"                     [id=28560, stack(0x000000c8ae500000,0x000000c8ae600000) (1024K)]
  0x0000026b90b53fc0 WorkerThread "GC Thread#6"                     [id=30200, stack(0x000000c8ae600000,0x000000c8ae700000) (1024K)]
  0x0000026b90b55180 WorkerThread "GC Thread#7"                     [id=8344, stack(0x000000c8ae700000,0x000000c8ae800000) (1024K)]
  0x0000026b30355db0 ConcurrentGCThread "G1 Main Marker"            [id=18832, stack(0x000000c8ad000000,0x000000c8ad100000) (1024K)]
  0x0000026b30356bc0 WorkerThread "G1 Conc#0"                       [id=16852, stack(0x000000c8ad100000,0x000000c8ad200000) (1024K)]
  0x0000026b303cb4a0 ConcurrentGCThread "G1 Refine#0"               [id=2108, stack(0x000000c8ad200000,0x000000c8ad300000) (1024K)]
  0x0000026b303cddc0 ConcurrentGCThread "G1 Service"                [id=24908, stack(0x000000c8ad300000,0x000000c8ad400000) (1024K)]
Total: 14

Threads with active compile tasks:
C2 CompilerThread0   140872 2282       4       org.gradle.internal.logging.text.AbstractLineChoppingStyledTextOutput$1::execute (9 bytes)
C1 CompilerThread0   140872 2291       3       org.gradle.internal.serialize.BaseSerializerFactory$EnumSerializer::read (6 bytes)
Total: 2

VM state: not at safepoint (normal execution)

VM Mutex/Monitor currently owned by a thread: None

Heap address: 0x00000000fc000000, size: 64 MB, Compressed Oops mode: 32-bit

CDS archive(s) mapped at: [0x0000026b4b000000-0x0000026b4bc90000-0x0000026b4bc90000), size 13172736, SharedBaseAddress: 0x0000026b4b000000, ArchiveRelocationMode: 1.
Compressed class space mapped at: 0x0000026b4c000000-0x0000026b8c000000, reserved size: 1073741824
Narrow klass base: 0x0000026b4b000000, Narrow klass shift: 0, Narrow klass range: 0x100000000

GC Precious Log:
 CardTable entry size: 512
 Card Set container configuration: InlinePtr #cards 5 size 8 Array Of Cards #cards 12 size 40 Howl #buckets 4 coarsen threshold 1843 Howl Bitmap #cards 512 size 80 coarsen threshold 460 Card regions per heap region 1 cards per card region 2048
 CPUs: 12 total, 12 available
 Memory: 7523M
 Large Page Support: Disabled
 NUMA Support: Disabled
 Compressed Oops: Enabled (32-bit)
 Heap Region Size: 1M
 Heap Min Capacity: 64M
 Heap Initial Capacity: 64M
 Heap Max Capacity: 64M
 Pre-touch: Disabled
 Parallel Workers: 10
 Concurrent Workers: 3
 Concurrent Refinement Workers: 10
 Periodic GC: Disabled

Heap:
 garbage-first heap   total 65536K, used 20401K [0x00000000fc000000, 0x0000000100000000)
  region size 1024K, 15 young (15360K), 5 survivors (5120K)
 Metaspace       used 10760K, committed 11072K, reserved 1114112K
  class space    used 1346K, committed 1472K, reserved 1048576K

Heap Regions: E=young(eden), S=young(survivor), O=old, HS=humongous(starts), HC=humongous(continues), CS=collection set, F=free, TAMS=top-at-mark-start, PB=parsable bottom
|   0|0x00000000fc000000, 0x00000000fc100000, 0x00000000fc100000|100%|HS|  |TAMS 0x00000000fc000000| PB 0x00000000fc000000| Complete 
|   1|0x00000000fc100000, 0x00000000fc200000, 0x00000000fc200000|100%|HC|  |TAMS 0x00000000fc100000| PB 0x00000000fc100000| Complete 
|   2|0x00000000fc200000, 0x00000000fc300000, 0x00000000fc300000|100%|HC|  |TAMS 0x00000000fc200000| PB 0x00000000fc200000| Complete 
|   3|0x00000000fc300000, 0x00000000fc400000, 0x00000000fc400000|100%| O|  |TAMS 0x00000000fc300000| PB 0x00000000fc300000| Untracked 
|   4|0x00000000fc400000, 0x00000000fc500000, 0x00000000fc500000|100%| O|  |TAMS 0x00000000fc400000| PB 0x00000000fc400000| Untracked 
|   5|0x00000000fc500000, 0x00000000fc5ec6e8, 0x00000000fc600000| 92%| O|  |TAMS 0x00000000fc500000| PB 0x00000000fc500000| Untracked 
|   6|0x00000000fc600000, 0x00000000fc600000, 0x00000000fc700000|  0%| F|  |TAMS 0x00000000fc600000| PB 0x00000000fc600000| Untracked 
|   7|0x00000000fc700000, 0x00000000fc700000, 0x00000000fc800000|  0%| F|  |TAMS 0x00000000fc700000| PB 0x00000000fc700000| Untracked 
|   8|0x00000000fc800000, 0x00000000fc800000, 0x00000000fc900000|  0%| F|  |TAMS 0x00000000fc800000| PB 0x00000000fc800000| Untracked 
|   9|0x00000000fc900000, 0x00000000fc900000, 0x00000000fca00000|  0%| F|  |TAMS 0x00000000fc900000| PB 0x00000000fc900000| Untracked 
|  10|0x00000000fca00000, 0x00000000fca00000, 0x00000000fcb00000|  0%| F|  |TAMS 0x00000000fca00000| PB 0x00000000fca00000| Untracked 
|  11|0x00000000fcb00000, 0x00000000fcb00000, 0x00000000fcc00000|  0%| F|  |TAMS 0x00000000fcb00000| PB 0x00000000fcb00000| Untracked 
|  12|0x00000000fcc00000, 0x00000000fcc00000, 0x00000000fcd00000|  0%| F|  |TAMS 0x00000000fcc00000| PB 0x00000000fcc00000| Untracked 
|  13|0x00000000fcd00000, 0x00000000fcd00000, 0x00000000fce00000|  0%| F|  |TAMS 0x00000000fcd00000| PB 0x00000000fcd00000| Untracked 
|  14|0x00000000fce00000, 0x00000000fce00000, 0x00000000fcf00000|  0%| F|  |TAMS 0x00000000fce00000| PB 0x00000000fce00000| Untracked 
|  15|0x00000000fcf00000, 0x00000000fcf00000, 0x00000000fd000000|  0%| F|  |TAMS 0x00000000fcf00000| PB 0x00000000fcf00000| Untracked 
|  16|0x00000000fd000000, 0x00000000fd000000, 0x00000000fd100000|  0%| F|  |TAMS 0x00000000fd000000| PB 0x00000000fd000000| Untracked 
|  17|0x00000000fd100000, 0x00000000fd100000, 0x00000000fd200000|  0%| F|  |TAMS 0x00000000fd100000| PB 0x00000000fd100000| Untracked 
|  18|0x00000000fd200000, 0x00000000fd200000, 0x00000000fd300000|  0%| F|  |TAMS 0x00000000fd200000| PB 0x00000000fd200000| Untracked 
|  19|0x00000000fd300000, 0x00000000fd300000, 0x00000000fd400000|  0%| F|  |TAMS 0x00000000fd300000| PB 0x00000000fd300000| Untracked 
|  20|0x00000000fd400000, 0x00000000fd400000, 0x00000000fd500000|  0%| F|  |TAMS 0x00000000fd400000| PB 0x00000000fd400000| Untracked 
|  21|0x00000000fd500000, 0x00000000fd500000, 0x00000000fd600000|  0%| F|  |TAMS 0x00000000fd500000| PB 0x00000000fd500000| Untracked 
|  22|0x00000000fd600000, 0x00000000fd600000, 0x00000000fd700000|  0%| F|  |TAMS 0x00000000fd600000| PB 0x00000000fd600000| Untracked 
|  23|0x00000000fd700000, 0x00000000fd700000, 0x00000000fd800000|  0%| F|  |TAMS 0x00000000fd700000| PB 0x00000000fd700000| Untracked 
|  24|0x00000000fd800000, 0x00000000fd900000, 0x00000000fd900000|100%| S|CS|TAMS 0x00000000fd800000| PB 0x00000000fd800000| Complete 
|  25|0x00000000fd900000, 0x00000000fda00000, 0x00000000fda00000|100%| S|CS|TAMS 0x00000000fd900000| PB 0x00000000fd900000| Complete 
|  26|0x00000000fda00000, 0x00000000fdb00000, 0x00000000fdb00000|100%| S|CS|TAMS 0x00000000fda00000| PB 0x00000000fda00000| Complete 
|  27|0x00000000fdb00000, 0x00000000fdc00000, 0x00000000fdc00000|100%| S|CS|TAMS 0x00000000fdb00000| PB 0x00000000fdb00000| Complete 
|  28|0x00000000fdc00000, 0x00000000fdd00000, 0x00000000fdd00000|100%| S|CS|TAMS 0x00000000fdc00000| PB 0x00000000fdc00000| Complete 
|  29|0x00000000fdd00000, 0x00000000fdd00000, 0x00000000fde00000|  0%| F|  |TAMS 0x00000000fdd00000| PB 0x00000000fdd00000| Untracked 
|  30|0x00000000fde00000, 0x00000000fde00000, 0x00000000fdf00000|  0%| F|  |TAMS 0x00000000fde00000| PB 0x00000000fde00000| Untracked 
|  31|0x00000000fdf00000, 0x00000000fdf00000, 0x00000000fe000000|  0%| F|  |TAMS 0x00000000fdf00000| PB 0x00000000fdf00000| Untracked 
|  32|0x00000000fe000000, 0x00000000fe000000, 0x00000000fe100000|  0%| F|  |TAMS 0x00000000fe000000| PB 0x00000000fe000000| Untracked 
|  33|0x00000000fe100000, 0x00000000fe100000, 0x00000000fe200000|  0%| F|  |TAMS 0x00000000fe100000| PB 0x00000000fe100000| Untracked 
|  34|0x00000000fe200000, 0x00000000fe200000, 0x00000000fe300000|  0%| F|  |TAMS 0x00000000fe200000| PB 0x00000000fe200000| Untracked 
|  35|0x00000000fe300000, 0x00000000fe300000, 0x00000000fe400000|  0%| F|  |TAMS 0x00000000fe300000| PB 0x00000000fe300000| Untracked 
|  36|0x00000000fe400000, 0x00000000fe400000, 0x00000000fe500000|  0%| F|  |TAMS 0x00000000fe400000| PB 0x00000000fe400000| Untracked 
|  37|0x00000000fe500000, 0x00000000fe500000, 0x00000000fe600000|  0%| F|  |TAMS 0x00000000fe500000| PB 0x00000000fe500000| Untracked 
|  38|0x00000000fe600000, 0x00000000fe600000, 0x00000000fe700000|  0%| F|  |TAMS 0x00000000fe600000| PB 0x00000000fe600000| Untracked 
|  39|0x00000000fe700000, 0x00000000fe700000, 0x00000000fe800000|  0%| F|  |TAMS 0x00000000fe700000| PB 0x00000000fe700000| Untracked 
|  40|0x00000000fe800000, 0x00000000fe800000, 0x00000000fe900000|  0%| F|  |TAMS 0x00000000fe800000| PB 0x00000000fe800000| Untracked 
|  41|0x00000000fe900000, 0x00000000fe900000, 0x00000000fea00000|  0%| F|  |TAMS 0x00000000fe900000| PB 0x00000000fe900000| Untracked 
|  42|0x00000000fea00000, 0x00000000fea00000, 0x00000000feb00000|  0%| F|  |TAMS 0x00000000fea00000| PB 0x00000000fea00000| Untracked 
|  43|0x00000000feb00000, 0x00000000feb00000, 0x00000000fec00000|  0%| F|  |TAMS 0x00000000feb00000| PB 0x00000000feb00000| Untracked 
|  44|0x00000000fec00000, 0x00000000fec00000, 0x00000000fed00000|  0%| F|  |TAMS 0x00000000fec00000| PB 0x00000000fec00000| Untracked 
|  45|0x00000000fed00000, 0x00000000fed00000, 0x00000000fee00000|  0%| F|  |TAMS 0x00000000fed00000| PB 0x00000000fed00000| Untracked 
|  46|0x00000000fee00000, 0x00000000fee00000, 0x00000000fef00000|  0%| F|  |TAMS 0x00000000fee00000| PB 0x00000000fee00000| Untracked 
|  47|0x00000000fef00000, 0x00000000fef00000, 0x00000000ff000000|  0%| F|  |TAMS 0x00000000fef00000| PB 0x00000000fef00000| Untracked 
|  48|0x00000000ff000000, 0x00000000ff000000, 0x00000000ff100000|  0%| F|  |TAMS 0x00000000ff000000| PB 0x00000000ff000000| Untracked 
|  49|0x00000000ff100000, 0x00000000ff100000, 0x00000000ff200000|  0%| F|  |TAMS 0x00000000ff100000| PB 0x00000000ff100000| Untracked 
|  50|0x00000000ff200000, 0x00000000ff200000, 0x00000000ff300000|  0%| F|  |TAMS 0x00000000ff200000| PB 0x00000000ff200000| Untracked 
|  51|0x00000000ff300000, 0x00000000ff300000, 0x00000000ff400000|  0%| F|  |TAMS 0x00000000ff300000| PB 0x00000000ff300000| Untracked 
|  52|0x00000000ff400000, 0x00000000ff400000, 0x00000000ff500000|  0%| F|  |TAMS 0x00000000ff400000| PB 0x00000000ff400000| Untracked 
|  53|0x00000000ff500000, 0x00000000ff500000, 0x00000000ff600000|  0%| F|  |TAMS 0x00000000ff500000| PB 0x00000000ff500000| Untracked 
|  54|0x00000000ff600000, 0x00000000ff69fd48, 0x00000000ff700000| 62%| E|  |TAMS 0x00000000ff600000| PB 0x00000000ff600000| Complete 
|  55|0x00000000ff700000, 0x00000000ff800000, 0x00000000ff800000|100%| E|CS|TAMS 0x00000000ff700000| PB 0x00000000ff700000| Complete 
|  56|0x00000000ff800000, 0x00000000ff900000, 0x00000000ff900000|100%| E|CS|TAMS 0x00000000ff800000| PB 0x00000000ff800000| Complete 
|  57|0x00000000ff900000, 0x00000000ffa00000, 0x00000000ffa00000|100%| E|CS|TAMS 0x00000000ff900000| PB 0x00000000ff900000| Complete 
|  58|0x00000000ffa00000, 0x00000000ffb00000, 0x00000000ffb00000|100%| E|CS|TAMS 0x00000000ffa00000| PB 0x00000000ffa00000| Complete 
|  59|0x00000000ffb00000, 0x00000000ffc00000, 0x00000000ffc00000|100%| E|CS|TAMS 0x00000000ffb00000| PB 0x00000000ffb00000| Complete 
|  60|0x00000000ffc00000, 0x00000000ffd00000, 0x00000000ffd00000|100%| E|CS|TAMS 0x00000000ffc00000| PB 0x00000000ffc00000| Complete 
|  61|0x00000000ffd00000, 0x00000000ffe00000, 0x00000000ffe00000|100%| E|CS|TAMS 0x00000000ffd00000| PB 0x00000000ffd00000| Complete 
|  62|0x00000000ffe00000, 0x00000000fff00000, 0x00000000fff00000|100%| E|CS|TAMS 0x00000000ffe00000| PB 0x00000000ffe00000| Complete 
|  63|0x00000000fff00000, 0x0000000100000000, 0x0000000100000000|100%| E|CS|TAMS 0x00000000fff00000| PB 0x00000000fff00000| Complete 

Card table byte_map: [0x0000026b2e300000,0x0000026b2e320000] _byte_map_base: 0x0000026b2db20000

Marking Bits: (CMBitMap*) 0x0000026b30354cd0
 Bits: [0x0000026b47d30000, 0x0000026b47e30000)

Polling page: 0x0000026b2e2b0000

Metaspace:

Usage:
  Non-class:      9.19 MB used.
      Class:      1.32 MB used.
       Both:     10.51 MB used.

Virtual space:
  Non-class space:       64.00 MB reserved,       9.38 MB ( 15%) committed,  1 nodes.
      Class space:        1.00 GB reserved,       1.44 MB ( <1%) committed,  1 nodes.
             Both:        1.06 GB reserved,      10.81 MB ( <1%) committed. 

Chunk freelists:
   Non-Class:  6.02 MB
       Class:  14.51 MB
        Both:  20.53 MB

MaxMetaspaceSize: unlimited
CompressedClassSpaceSize: 1.00 GB
Initial GC threshold: 21.00 MB
Current GC threshold: 21.00 MB
CDS: on
 - commit_granule_bytes: 65536.
 - commit_granule_words: 8192.
 - virtual_space_node_default_size: 8388608.
 - enlarge_chunks_in_place: 1.
 - use_allocation_guard: 0.


Internal statistics:

num_allocs_failed_limit: 0.
num_arena_births: 240.
num_arena_deaths: 0.
num_vsnodes_births: 2.
num_vsnodes_deaths: 0.
num_space_committed: 173.
num_space_uncommitted: 0.
num_chunks_returned_to_freelist: 0.
num_chunks_taken_from_freelist: 551.
num_chunk_merges: 0.
num_chunk_splits: 354.
num_chunks_enlarged: 265.
num_inconsistent_stats: 0.

CodeHeap 'non-profiled nmethods': size=120000Kb used=870Kb max_used=870Kb free=119129Kb
 bounds [0x0000026b402b0000, 0x0000026b40520000, 0x0000026b477e0000]
CodeHeap 'profiled nmethods': size=120000Kb used=4358Kb max_used=4358Kb free=115641Kb
 bounds [0x0000026b387e0000, 0x0000026b38c30000, 0x0000026b3fd10000]
CodeHeap 'non-nmethods': size=5760Kb used=1407Kb max_used=1423Kb free=4352Kb
 bounds [0x0000026b3fd10000, 0x0000026b3ff80000, 0x0000026b402b0000]
 total_blobs=2770 nmethods=2266 adapters=409
 compilation: enabled
              stopped_count=0, restarted_count=0
 full_count=0

Compilation events (20 events):
Event: 138.827 Thread 0x0000026b4aa1fe20 nmethod 2270 0x0000026b38c1d890 code [0x0000026b38c1dac0, 0x0000026b38c1e418]
Event: 138.923 Thread 0x0000026b4aa1fe20 2271       3       org.gradle.internal.logging.console.Cursor::copyFrom (23 bytes)
Event: 138.923 Thread 0x0000026b4aa1fe20 nmethod 2271 0x0000026b38c1e590 code [0x0000026b38c1e740, 0x0000026b38c1e8c0]
Event: 138.955 Thread 0x0000026b4aa1fe20 2272       3       java.nio.CharBuffer::<init> (24 bytes)
Event: 138.955 Thread 0x0000026b4aa1eac0 2276       4       java.util.AbstractList::<init> (10 bytes)
Event: 138.960 Thread 0x0000026b4aa1fe20 nmethod 2272 0x0000026b38c1e990 code [0x0000026b38c1eb40, 0x0000026b38c1ecf0]
Event: 138.960 Thread 0x0000026b4aa1fe20 2275       3       java.lang.String::substring (58 bytes)
Event: 138.960 Thread 0x0000026b4aa1fe20 nmethod 2275 0x0000026b38c1ed90 code [0x0000026b38c1efc0, 0x0000026b38c1f5c0]
Event: 138.960 Thread 0x0000026b4aa1fe20 2273       3       java.nio.CharBuffer::limit (6 bytes)
Event: 138.960 Thread 0x0000026b4aa1fe20 nmethod 2273 0x0000026b38c1f810 code [0x0000026b38c1f9c0, 0x0000026b38c1fb70]
Event: 139.014 Thread 0x0000026b4aa1fe20 2274       3       sun.nio.cs.StreamEncoder::growByteBufferIfNeeded (59 bytes)
Event: 139.018 Thread 0x0000026b4aa1eac0 nmethod 2276 0x0000026b40389590 code [0x0000026b40389720, 0x0000026b403897b0]
Event: 139.078 Thread 0x0000026b4aa1fe20 nmethod 2274 0x0000026b38c1fc90 code [0x0000026b38c1fe80, 0x0000026b38c202b8]
Event: 139.078 Thread 0x0000026b4aa1fe20 2280       3       java.lang.String::<init> (74 bytes)
Event: 139.099 Thread 0x0000026b4aa1fe20 nmethod 2280 0x0000026b38c20490 code [0x0000026b38c20680, 0x0000026b38c20a88]
Event: 139.099 Thread 0x0000026b4aa1fe20 2278       3       org.gradle.internal.logging.text.AbstractStyledTextOutput::text (19 bytes)
Event: 139.117 Thread 0x0000026b4aa1eac0 2282       4       org.gradle.internal.logging.text.AbstractLineChoppingStyledTextOutput$1::execute (9 bytes)
Event: 139.200 Thread 0x0000026b4aa1fe20 nmethod 2278 0x0000026b38c20b90 code [0x0000026b38c20d60, 0x0000026b38c21058]
Event: 139.236 Thread 0x0000026b4aa1fe20 2281       3       org.gradle.internal.logging.console.MultiLineBuildProgressArea::newLineAdjustment (50 bytes)
Event: 139.274 Thread 0x0000026b4aa1fe20 nmethod 2281 0x0000026b38c21190 code [0x0000026b38c21380, 0x0000026b38c21918]

GC Heap History (4 events):
Event: 0.624 GC heap before
{Heap before GC invocations=0 (full 0):
 garbage-first heap   total 65536K, used 23552K [0x00000000fc000000, 0x0000000100000000)
  region size 1024K, 23 young (23552K), 0 survivors (0K)
 Metaspace       used 1636K, committed 1792K, reserved 1114112K
  class space    used 147K, committed 256K, reserved 1048576K
}
Event: 0.628 GC heap after
{Heap after GC invocations=1 (full 0):
 garbage-first heap   total 65536K, used 1824K [0x00000000fc000000, 0x0000000100000000)
  region size 1024K, 2 young (2048K), 2 survivors (2048K)
 Metaspace       used 1636K, committed 1792K, reserved 1114112K
  class space    used 147K, committed 256K, reserved 1048576K
}
Event: 1.981 GC heap before
{Heap before GC invocations=1 (full 0):
 garbage-first heap   total 65536K, used 37664K [0x00000000fc000000, 0x0000000100000000)
  region size 1024K, 35 young (35840K), 2 survivors (2048K)
 Metaspace       used 8538K, committed 8768K, reserved 1114112K
  class space    used 1130K, committed 1216K, reserved 1048576K
}
Event: 1.985 GC heap after
{Heap after GC invocations=2 (full 0):
 garbage-first heap   total 65536K, used 11185K [0x00000000fc000000, 0x0000000100000000)
  region size 1024K, 5 young (5120K), 5 survivors (5120K)
 Metaspace       used 8538K, committed 8768K, reserved 1114112K
  class space    used 1130K, committed 1216K, reserved 1048576K
}

Dll operation events (13 events):
Event: 0.016 Loaded shared library C:\Program Files\Java\jdk-21\bin\java.dll
Event: 0.051 Loaded shared library C:\Program Files\Java\jdk-21\bin\jsvml.dll
Event: 0.066 Loaded shared library C:\Program Files\Java\jdk-21\bin\net.dll
Event: 0.069 Loaded shared library C:\Program Files\Java\jdk-21\bin\nio.dll
Event: 0.072 Loaded shared library C:\Program Files\Java\jdk-21\bin\zip.dll
Event: 0.607 Loaded shared library C:\Program Files\Java\jdk-21\bin\jimage.dll
Event: 1.409 Loaded shared library C:\Program Files\Java\jdk-21\bin\management.dll
Event: 1.419 Loaded shared library C:\Program Files\Java\jdk-21\bin\management_ext.dll
Event: 1.454 Loaded shared library C:\Program Files\Java\jdk-21\bin\verify.dll
Event: 1.466 Loaded shared library C:\Users\Arjun\.gradle\native\1def1411415f61bf3af743bc5b6707747c0891f09f0c88961ee8f79bc544acac\windows-amd64\native-platform.dll
Event: 1.497 Loaded shared library C:\Users\Arjun\.gradle\native\jansi\1.18\windows64\jansi.dll
Event: 1.635 Loaded shared library C:\Program Files\Java\jdk-21\bin\extnet.dll
Event: 5.152 Loaded shared library C:\Program Files\Java\jdk-21\bin\sunmscapi.dll

Deoptimization events (20 events):
Event: 128.481 Thread 0x0000026b2dfac7a0 DEOPT PACKING pc=0x0000026b402ccde8 sp=0x000000c8acefdbb0
Event: 128.481 Thread 0x0000026b2dfac7a0 DEOPT UNPACKING pc=0x0000026b3fd646a2 sp=0x000000c8acefdb20 mode 2
Event: 128.532 Thread 0x0000026b4acb3090 Uncommon trap: trap_request=0xffffff45 fr.pc=0x0000026b4037c16c relative=0x00000000000004ac
Event: 128.532 Thread 0x0000026b4acb3090 Uncommon trap: reason=unstable_if action=reinterpret pc=0x0000026b4037c16c method=org.gradle.internal.logging.text.AbstractLineChoppingStyledTextOutput$2.execute(Lorg/gradle/internal/logging/text/AbstractLineChoppingStyledTextOutput$StateContext;)V @ 34 c
Event: 128.532 Thread 0x0000026b4acb3090 DEOPT PACKING pc=0x0000026b4037c16c sp=0x000000c8ae3feb20
Event: 128.532 Thread 0x0000026b4acb3090 DEOPT UNPACKING pc=0x0000026b3fd646a2 sp=0x000000c8ae3fe9b8 mode 2
Event: 128.535 Thread 0x0000026b4acb3090 Uncommon trap: trap_request=0xffffff45 fr.pc=0x0000026b4033d678 relative=0x0000000000000618
Event: 128.535 Thread 0x0000026b4acb3090 Uncommon trap: reason=unstable_if action=reinterpret pc=0x0000026b4033d678 method=java.lang.String.substring(II)Ljava/lang/String; @ 31 c2
Event: 128.535 Thread 0x0000026b4acb3090 DEOPT PACKING pc=0x0000026b4033d678 sp=0x000000c8ae3fe930
Event: 128.535 Thread 0x0000026b4acb3090 DEOPT UNPACKING pc=0x0000026b3fd646a2 sp=0x000000c8ae3fe900 mode 2
Event: 128.536 Thread 0x0000026b4acb3090 Uncommon trap: trap_request=0xffffff45 fr.pc=0x0000026b402ca99c relative=0x00000000000001fc
Event: 128.536 Thread 0x0000026b4acb3090 Uncommon trap: reason=unstable_if action=reinterpret pc=0x0000026b402ca99c method=java.lang.String.indexOf(II)I @ 4 c2
Event: 128.536 Thread 0x0000026b4acb3090 DEOPT PACKING pc=0x0000026b402ca99c sp=0x000000c8ae3fe420
Event: 128.536 Thread 0x0000026b4acb3090 DEOPT UNPACKING pc=0x0000026b3fd646a2 sp=0x000000c8ae3fe3c0 mode 2
Event: 128.536 Thread 0x0000026b4acb3090 Uncommon trap: trap_request=0xffffff45 fr.pc=0x0000026b402d14a4 relative=0x0000000000000264
Event: 128.536 Thread 0x0000026b4acb3090 Uncommon trap: reason=unstable_if action=reinterpret pc=0x0000026b402d14a4 method=java.lang.String.getChars(II[CI)V @ 24 c2
Event: 128.536 Thread 0x0000026b4acb3090 DEOPT PACKING pc=0x0000026b402d14a4 sp=0x000000c8ae3fe4f0
Event: 128.536 Thread 0x0000026b4acb3090 DEOPT UNPACKING pc=0x0000026b3fd646a2 sp=0x000000c8ae3fe488 mode 2
Event: 138.837 Thread 0x0000026b2dfac7a0 DEOPT PACKING pc=0x0000026b38c17905 sp=0x000000c8acefdbb0
Event: 138.837 Thread 0x0000026b2dfac7a0 DEOPT UNPACKING pc=0x0000026b3fd64e42 sp=0x000000c8acefd020 mode 0

Classes loaded (20 events):
Event: 26.998 Loading class jdk/internal/access/JavaObjectInputStreamReadString
Event: 26.999 Loading class jdk/internal/access/JavaObjectInputStreamReadString done
Event: 26.999 Loading class java/io/ObjectInputStream$BlockDataInputStream
Event: 26.999 Loading class java/io/ObjectInputStream$BlockDataInputStream done
Event: 26.999 Loading class java/io/ObjectInputStream$PeekInputStream
Event: 27.000 Loading class java/io/ObjectInputStream$PeekInputStream done
Event: 27.000 Loading class java/io/ObjectInputStream$HandleTable
Event: 27.000 Loading class java/io/ObjectInputStream$HandleTable done
Event: 27.000 Loading class java/io/ObjectInputStream$HandleTable$HandleList
Event: 27.000 Loading class java/io/ObjectInputStream$HandleTable$HandleList done
Event: 27.002 Loading class java/io/ObjectInputStream$ValidationList
Event: 27.002 Loading class java/io/ObjectInputStream$ValidationList done
Event: 27.002 Loading class java/io/ObjectInputFilter$Config
Event: 27.003 Loading class java/io/ObjectInputFilter$Config done
Event: 27.003 Loading class java/io/ObjectInputFilter
Event: 27.004 Loading class java/io/ObjectInputFilter done
Event: 27.008 Loading class java/io/ObjectInputFilter$Config$BuiltinFilterFactory
Event: 27.009 Loading class java/io/ObjectInputFilter$Config$BuiltinFilterFactory done
Event: 27.009 Loading class jdk/internal/access/JavaObjectInputFilterAccess
Event: 27.009 Loading class jdk/internal/access/JavaObjectInputFilterAccess done

Classes unloaded (0 events):
No events

Classes redefined (0 events):
No events

Internal exceptions (20 events):
Event: 1.475 Thread 0x0000026b2dfac7a0 Exception <a 'java/lang/NoSuchMethodError'{0x00000000fef61860}: 'java.lang.Object java.lang.invoke.DirectMethodHandle$Holder.invokeStatic(java.lang.Object, java.lang.Object, int)'> (0x00000000fef61860) 
thrown [s\open\src\hotspot\share\interpreter\linkResolver.cpp, line 773]
Event: 1.476 Thread 0x0000026b2dfac7a0 Exception <a 'java/lang/NoSuchMethodError'{0x00000000fef6d2f8}: 'void java.lang.invoke.DelegatingMethodHandle$Holder.delegate(java.lang.Object, java.lang.Object, int, java.lang.Object)'> (0x00000000fef6d2f8) 
thrown [s\open\src\hotspot\share\interpreter\linkResolver.cpp, line 773]
Event: 1.543 Thread 0x0000026b2dfac7a0 Exception <a 'java/lang/NoSuchMethodError'{0x00000000feb02ec8}: 'java.lang.Object java.lang.invoke.DirectMethodHandle$Holder.newInvokeSpecial(java.lang.Object, java.lang.Object, java.lang.Object, java.lang.Object, java.lang.Object)'> (0x00000000feb02ec8) 
thrown [s\open\src\hotspot\share\interpreter\linkResolver.cpp, line 773]
Event: 1.549 Thread 0x0000026b2dfac7a0 Exception <a 'java/lang/NoSuchMethodError'{0x00000000feb57f70}: 'java.lang.Object java.lang.invoke.Invokers$Holder.invokeExact_MT(java.lang.Object, java.lang.Object, java.lang.Object, java.lang.Object, java.lang.Object)'> (0x00000000feb57f70) 
thrown [s\open\src\hotspot\share\interpreter\linkResolver.cpp, line 773]
Event: 1.552 Thread 0x0000026b2dfac7a0 Exception <a 'java/lang/NoSuchMethodError'{0x00000000feb85c18}: 'java.lang.Object java.lang.invoke.DirectMethodHandle$Holder.invokeVirtual(java.lang.Object, java.lang.Object, java.lang.Object, java.lang.Object, java.lang.Object, java.lang.Object, java.lang.Object)'> (0x00000000feb85c18) 
thrown [s\open\src\hotspot\share\interpreter\linkResolver.cpp, line 773]
Event: 1.556 Thread 0x0000026b2dfac7a0 Exception <a 'java/lang/NoSuchMethodError'{0x00000000febc5060}: 'java.lang.Object java.lang.invoke.DirectMethodHandle$Holder.invokeVirtual(java.lang.Object, java.lang.Object, java.lang.Object, java.lang.Object)'> (0x00000000febc5060) 
thrown [s\open\src\hotspot\share\interpreter\linkResolver.cpp, line 773]
Event: 1.637 Thread 0x0000026b2dfac7a0 Exception <a 'java/lang/NoSuchMethodError'{0x00000000fe641488}: 'void java.lang.invoke.DirectMethodHandle$Holder.invokeStatic(java.lang.Object, java.lang.Object, java.lang.Object)'> (0x00000000fe641488) 
thrown [s\open\src\hotspot\share\interpreter\linkResolver.cpp, line 773]
Event: 1.647 Thread 0x0000026b2dfac7a0 Exception <a 'java/lang/NoSuchMethodError'{0x00000000fe6dedf0}: 'java.lang.Object java.lang.invoke.DirectMethodHandle$Holder.invokeVirtual(java.lang.Object, java.lang.Object, java.lang.Object, java.lang.Object, java.lang.Object)'> (0x00000000fe6dedf0) 
thrown [s\open\src\hotspot\share\interpreter\linkResolver.cpp, line 773]
Event: 1.648 Thread 0x0000026b2dfac7a0 Exception <a 'java/lang/NoSuchMethodError'{0x00000000fe6f1a30}: 'java.lang.Object java.lang.invoke.Invokers$Holder.invokeExact_MT(java.lang.Object, java.lang.Object, java.lang.Object, java.lang.Object, java.lang.Object, java.lang.Object)'> (0x00000000fe6f1a30) 
thrown [s\open\src\hotspot\share\interpreter\linkResolver.cpp, line 773]
Event: 1.684 Thread 0x0000026b2dfac7a0 Exception <a 'java/lang/NoSuchMethodError'{0x00000000fe304668}: 'java.lang.Object java.lang.invoke.DirectMethodHandle$Holder.invokeVirtual(java.lang.Object, java.lang.Object, java.lang.Object, java.lang.Object, java.lang.Object, java.lang.Object, java.lang.Object, java.lang.Object, java.lang.Object)'> (0x00000000fe304668) 
thrown [s\open\src\hotspot\share\interpreter\linkResolver.cpp, line 773]
Event: 1.716 Thread 0x0000026b2dfac7a0 Exception <a 'java/lang/NoSuchMethodError'{0x00000000fe150a68}: 'java.lang.Object java.lang.invoke.DirectMethodHandle$Holder.invokeVirtual(java.lang.Object, java.lang.Object, java.lang.Object, java.lang.Object, java.lang.Object, java.lang.Object, java.lang.Object, java.lang.Object)'> (0x00000000fe150a68) 
thrown [s\open\src\hotspot\share\interpreter\linkResolver.cpp, line 773]
Event: 1.726 Thread 0x0000026b2dfac7a0 Exception <a 'java/lang/NoSuchMethodError'{0x00000000fe1de558}: 'java.lang.Object java.lang.invoke.DirectMethodHandle$Holder.invokeStaticInit(java.lang.Object, int, int, int, int)'> (0x00000000fe1de558) 
thrown [s\open\src\hotspot\share\interpreter\linkResolver.cpp, line 773]
Event: 1.904 Thread 0x0000026b2dfac7a0 Exception <a 'java/lang/NoSuchMethodError'{0x00000000fe0a7660}: 'java.lang.Object java.lang.invoke.DirectMethodHandle$Holder.invokeStaticInit(java.lang.Object, java.lang.Object, int, int, int, int)'> (0x00000000fe0a7660) 
thrown [s\open\src\hotspot\share\interpreter\linkResolver.cpp, line 773]
Event: 1.920 Thread 0x0000026b2dfac7a0 Implicit null exception at 0x0000026b402f9aa4 to 0x0000026b402fa0f8
Event: 1.921 Thread 0x0000026b2dfac7a0 Implicit null exception at 0x0000026b40310920 to 0x0000026b40310eb0
Event: 1.942 Thread 0x0000026b2dfac7a0 Exception <a 'java/lang/NoSuchMethodError'{0x00000000fdfcc8e8}: 'void java.lang.invoke.DirectMethodHandle$Holder.invokeInterface(java.lang.Object, java.lang.Object, java.lang.Object)'> (0x00000000fdfcc8e8) 
thrown [s\open\src\hotspot\share\interpreter\linkResolver.cpp, line 773]
Event: 2.092 Thread 0x0000026b4acb3720 Exception <a 'java/lang/NoSuchMethodError'{0x00000000ffb0dd40}: 'void java.lang.invoke.DirectMethodHandle$Holder.invokeStatic(java.lang.Object, long)'> (0x00000000ffb0dd40) 
thrown [s\open\src\hotspot\share\interpreter\linkResolver.cpp, line 773]
Event: 2.093 Thread 0x0000026b4acb3720 Exception <a 'java/lang/NoSuchMethodError'{0x00000000ffb12f58}: 'java.lang.Object java.lang.invoke.DirectMethodHandle$Holder.newInvokeSpecial(java.lang.Object, long)'> (0x00000000ffb12f58) 
thrown [s\open\src\hotspot\share\interpreter\linkResolver.cpp, line 773]
Event: 2.094 Thread 0x0000026b4acb3720 Exception <a 'java/lang/NoSuchMethodError'{0x00000000ffb19cc0}: 'java.lang.Object java.lang.invoke.DirectMethodHandle$Holder.invokeStatic(java.lang.Object, long, java.lang.Object)'> (0x00000000ffb19cc0) 
thrown [s\open\src\hotspot\share\interpreter\linkResolver.cpp, line 773]
Event: 2.095 Thread 0x0000026b4acb3720 Exception <a 'java/lang/NoSuchMethodError'{0x00000000ffb1d458}: 'java.lang.Object java.lang.invoke.DirectMethodHandle$Holder.invokeStaticInit(java.lang.Object, long, java.lang.Object)'> (0x00000000ffb1d458) 
thrown [s\open\src\hotspot\share\interpreter\linkResolver.cpp, line 773]

ZGC Phase Switch (0 events):
No events

VM Operations (20 events):
Event: 113.492 Executing VM operation: Cleanup
Event: 113.492 Executing VM operation: Cleanup done
Event: 118.527 Executing VM operation: Cleanup
Event: 118.527 Executing VM operation: Cleanup done
Event: 120.339 Executing VM operation: HandshakeAllThreads (HandshakeForDeflation)
Event: 120.339 Executing VM operation: HandshakeAllThreads (HandshakeForDeflation) done
Event: 120.339 Executing VM operation: RendezvousGCThreads
Event: 120.339 Executing VM operation: RendezvousGCThreads done
Event: 121.343 Executing VM operation: Cleanup
Event: 121.343 Executing VM operation: Cleanup done
Event: 122.351 Executing VM operation: Cleanup
Event: 122.351 Executing VM operation: Cleanup done
Event: 125.365 Executing VM operation: Cleanup
Event: 125.365 Executing VM operation: Cleanup done
Event: 126.373 Executing VM operation: Cleanup
Event: 126.373 Executing VM operation: Cleanup done
Event: 129.400 Executing VM operation: Cleanup
Event: 129.493 Executing VM operation: Cleanup done
Event: 131.502 Executing VM operation: Cleanup
Event: 131.503 Executing VM operation: Cleanup done

Events (18 events):
Event: 0.031 Thread 0x0000026b2dfac7a0 Thread added: 0x0000026b2dfac7a0
Event: 0.048 Thread 0x0000026b30406b90 Thread added: 0x0000026b30406b90
Event: 0.048 Thread 0x0000026b3040a600 Thread added: 0x0000026b3040a600
Event: 0.048 Thread 0x0000026b3040ca10 Thread added: 0x0000026b3040ca10
Event: 0.048 Thread 0x0000026b3040d460 Thread added: 0x0000026b3040d460
Event: 0.049 Thread 0x0000026b3040e650 Thread added: 0x0000026b3040e650
Event: 0.049 Thread 0x0000026b4aa118b0 Thread added: 0x0000026b4aa118b0
Event: 0.049 Thread 0x0000026b4aa1eac0 Thread added: 0x0000026b4aa1eac0
Event: 0.049 Thread 0x0000026b4aa1fe20 Thread added: 0x0000026b4aa1fe20
Event: 0.060 Thread 0x0000026b4acb2a00 Thread added: 0x0000026b4acb2a00
Event: 0.062 Thread 0x0000026b4acb5e80 Thread added: 0x0000026b4acb5e80
Event: 1.512 Thread 0x0000026b4acb3090 Thread added: 0x0000026b4acb3090
Event: 2.041 Thread 0x0000026b4acb3720 Thread added: 0x0000026b4acb3720
Event: 2.108 Thread 0x0000026b4acb3db0 Thread added: 0x0000026b4acb3db0
Event: 2.109 Thread 0x0000026b4acb3db0 Thread exited: 0x0000026b4acb3db0
Event: 2.109 Thread 0x0000026b4acb3db0 Thread added: 0x0000026b4acb3db0
Event: 5.105 Thread 0x0000026b4acb3720 Thread exited: 0x0000026b4acb3720
Event: 5.106 Thread 0x0000026b4acb3db0 Thread exited: 0x0000026b4acb3db0


Dynamic libraries:
0x00007ff6d34f0000 - 0x00007ff6d3500000 	C:\Program Files\Java\jdk-21\bin\java.exe
0x00007ffe625a0000 - 0x00007ffe627a9000 	C:\windows\SYSTEM32\ntdll.dll
0x00007ffe61ff0000 - 0x00007ffe620ae000 	C:\windows\System32\KERNEL32.DLL
0x00007ffe5fc30000 - 0x00007ffe5ffac000 	C:\windows\System32\KERNELBASE.dll
0x00007ffe5ffb0000 - 0x00007ffe600c1000 	C:\windows\System32\ucrtbase.dll
0x00007ffe37390000 - 0x00007ffe373a9000 	C:\Program Files\Java\jdk-21\bin\jli.dll
0x00007ffe4a270000 - 0x00007ffe4a28b000 	C:\Program Files\Java\jdk-21\bin\VCRUNTIME140.dll
0x00007ffe61620000 - 0x00007ffe616ce000 	C:\windows\System32\ADVAPI32.dll
0x00007ffe623e0000 - 0x00007ffe62483000 	C:\windows\System32\msvcrt.dll
0x00007ffe60420000 - 0x00007ffe604be000 	C:\windows\System32\sechost.dll
0x00007ffe616d0000 - 0x00007ffe617f0000 	C:\windows\System32\RPCRT4.dll
0x00007ffe62140000 - 0x00007ffe622ed000 	C:\windows\System32\USER32.dll
0x00007ffe5fb60000 - 0x00007ffe5fb86000 	C:\windows\System32\win32u.dll
0x00007ffe604c0000 - 0x00007ffe604e9000 	C:\windows\System32\GDI32.dll
0x00007ffe60300000 - 0x00007ffe60418000 	C:\windows\System32\gdi32full.dll
0x00007ffe5fb90000 - 0x00007ffe5fc2d000 	C:\windows\System32\msvcp_win.dll
0x00007ffe3d920000 - 0x00007ffe3dbc5000 	C:\windows\WinSxS\amd64_microsoft.windows.common-controls_6595b64144ccf1df_6.0.22000.120_none_9d947278b86cc467\COMCTL32.dll
0x00007ffe54fd0000 - 0x00007ffe54fda000 	C:\windows\SYSTEM32\VERSION.dll
0x00007ffe619f0000 - 0x00007ffe61a21000 	C:\windows\System32\IMM32.DLL
0x00007ffe57d80000 - 0x00007ffe57d8c000 	C:\Program Files\Java\jdk-21\bin\vcruntime140_1.dll
0x00007ffe0d6c0000 - 0x00007ffe0d74e000 	C:\Program Files\Java\jdk-21\bin\msvcp140.dll
0x00007ffd9efb0000 - 0x00007ffd9fcca000 	C:\Program Files\Java\jdk-21\bin\server\jvm.dll
0x00007ffe62370000 - 0x00007ffe623df000 	C:\windows\System32\WS2_32.dll
0x00007ffe5f940000 - 0x00007ffe5f98d000 	C:\windows\SYSTEM32\POWRPROF.dll
0x00007ffe58ce0000 - 0x00007ffe58d13000 	C:\windows\SYSTEM32\WINMM.dll
0x00007ffe5f920000 - 0x00007ffe5f933000 	C:\windows\SYSTEM32\UMPDC.dll
0x00007ffe5eab0000 - 0x00007ffe5eac8000 	C:\windows\SYSTEM32\kernel.appcore.dll
0x00007ffe4e1f0000 - 0x00007ffe4e1fa000 	C:\Program Files\Java\jdk-21\bin\jimage.dll
0x00007ffe51450000 - 0x00007ffe51671000 	C:\windows\SYSTEM32\DBGHELP.DLL
0x00007ffe3a540000 - 0x00007ffe3a571000 	C:\windows\SYSTEM32\dbgcore.DLL
0x00007ffe5fa70000 - 0x00007ffe5faef000 	C:\windows\System32\bcryptPrimitives.dll
0x00007ffe2cec0000 - 0x00007ffe2cedf000 	C:\Program Files\Java\jdk-21\bin\java.dll
0x00007ffe604f0000 - 0x00007ffe60cb5000 	C:\windows\System32\SHELL32.dll
0x00007ffe5db20000 - 0x00007ffe5e385000 	C:\windows\SYSTEM32\windows.storage.dll
0x00007ffe60cc0000 - 0x00007ffe61036000 	C:\windows\System32\combase.dll
0x00007ffe5d9b0000 - 0x00007ffe5db16000 	C:\windows\SYSTEM32\wintypes.dll
0x00007ffe61900000 - 0x00007ffe619ea000 	C:\windows\System32\SHCORE.dll
0x00007ffe622f0000 - 0x00007ffe6234d000 	C:\windows\System32\shlwapi.dll
0x00007ffe5f9a0000 - 0x00007ffe5f9c1000 	C:\windows\SYSTEM32\profapi.dll
0x00007ffe08530000 - 0x00007ffe08607000 	C:\Program Files\Java\jdk-21\bin\jsvml.dll
0x00007ffe4e0e0000 - 0x00007ffe4e0f0000 	C:\Program Files\Java\jdk-21\bin\net.dll
0x00007ffe59f40000 - 0x00007ffe5a052000 	C:\windows\SYSTEM32\WINHTTP.dll
0x00007ffe5ef50000 - 0x00007ffe5efb7000 	C:\windows\system32\mswsock.dll
0x00007ffe2cea0000 - 0x00007ffe2ceb6000 	C:\Program Files\Java\jdk-21\bin\nio.dll
0x00007ffe2ca80000 - 0x00007ffe2ca98000 	C:\Program Files\Java\jdk-21\bin\zip.dll
0x00007ffe59de0000 - 0x00007ffe59dea000 	C:\Program Files\Java\jdk-21\bin\management.dll
0x00007ffe4a840000 - 0x00007ffe4a84b000 	C:\Program Files\Java\jdk-21\bin\management_ext.dll
0x00007ffe62360000 - 0x00007ffe62368000 	C:\windows\System32\PSAPI.DLL
0x00007ffe47300000 - 0x00007ffe47310000 	C:\Program Files\Java\jdk-21\bin\verify.dll
0x00007ffe1de30000 - 0x00007ffe1de57000 	C:\Users\Arjun\.gradle\native\1def1411415f61bf3af743bc5b6707747c0891f09f0c88961ee8f79bc544acac\windows-amd64\native-platform.dll
0x00007ffe58780000 - 0x00007ffe5878a000 	C:\Users\Arjun\.gradle\native\jansi\1.18\windows64\jansi.dll
0x00007ffe5e5e0000 - 0x00007ffe5e60d000 	C:\windows\SYSTEM32\IPHLPAPI.DLL
0x00007ffe62350000 - 0x00007ffe62359000 	C:\windows\System32\NSI.dll
0x00007ffe426d0000 - 0x00007ffe426d9000 	C:\Program Files\Java\jdk-21\bin\extnet.dll
0x00007ffe5f160000 - 0x00007ffe5f178000 	C:\windows\SYSTEM32\CRYPTSP.dll
0x00007ffe5ea10000 - 0x00007ffe5ea45000 	C:\windows\system32\rsaenh.dll
0x00007ffe5f010000 - 0x00007ffe5f039000 	C:\windows\SYSTEM32\USERENV.dll
0x00007ffe5f360000 - 0x00007ffe5f387000 	C:\windows\SYSTEM32\bcrypt.dll
0x00007ffe5f180000 - 0x00007ffe5f18c000 	C:\windows\SYSTEM32\CRYPTBASE.dll
0x00007ffe3cd50000 - 0x00007ffe3cd5e000 	C:\Program Files\Java\jdk-21\bin\sunmscapi.dll
0x00007ffe600d0000 - 0x00007ffe60232000 	C:\windows\System32\CRYPT32.dll
0x00007ffe5f330000 - 0x00007ffe5f358000 	C:\windows\SYSTEM32\ncrypt.dll
0x00007ffe5f2f0000 - 0x00007ffe5f327000 	C:\windows\SYSTEM32\NTASN1.dll
0x00007ffe2dd10000 - 0x00007ffe2dd18000 	C:\windows\system32\wshunix.dll

dbghelp: loaded successfully - version: 4.0.5 - missing functions: none
symbol engine: initialized successfully - sym options: 0x614 - pdb path: .;C:\Program Files\Java\jdk-21\bin;C:\windows\SYSTEM32;C:\windows\WinSxS\amd64_microsoft.windows.common-controls_6595b64144ccf1df_6.0.22000.120_none_9d947278b86cc467;C:\Program Files\Java\jdk-21\bin\server;C:\Users\Arjun\.gradle\native\1def1411415f61bf3af743bc5b6707747c0891f09f0c88961ee8f79bc544acac\windows-amd64;C:\Users\Arjun\.gradle\native\jansi\1.18\windows64

VM Arguments:
jvm_args: -Xmx64m -Xms64m -Dorg.gradle.appname=gradlew 
java_command: D:\Reactnative\CRM\Crm-App\android\\gradle\wrapper\gradle-wrapper.jar assembleRelease
java_class_path (initial): D:\Reactnative\CRM\Crm-App\android\\gradle\wrapper\gradle-wrapper.jar
Launcher Type: SUN_STANDARD

[Global flags]
     intx CICompilerCount                          = 4                                         {product} {ergonomic}
     uint ConcGCThreads                            = 3                                         {product} {ergonomic}
     uint G1ConcRefinementThreads                  = 10                                        {product} {ergonomic}
   size_t G1HeapRegionSize                         = 1048576                                   {product} {ergonomic}
    uintx GCDrainStackTargetSize                   = 64                                        {product} {ergonomic}
   size_t InitialHeapSize                          = 67108864                                  {product} {command line}
   size_t MarkStackSize                            = 4194304                                   {product} {ergonomic}
   size_t MaxHeapSize                              = 67108864                                  {product} {command line}
   size_t MaxNewSize                               = 39845888                                  {product} {ergonomic}
   size_t MinHeapDeltaBytes                        = 1048576                                   {product} {ergonomic}
   size_t MinHeapSize                              = 67108864                                  {product} {command line}
    uintx NonNMethodCodeHeapSize                   = 5839372                                {pd product} {ergonomic}
    uintx NonProfiledCodeHeapSize                  = 122909434                              {pd product} {ergonomic}
    uintx ProfiledCodeHeapSize                     = 122909434                              {pd product} {ergonomic}
    uintx ReservedCodeCacheSize                    = 251658240                              {pd product} {ergonomic}
     bool SegmentedCodeCache                       = true                                      {product} {ergonomic}
   size_t SoftMaxHeapSize                          = 67108864                               {manageable} {ergonomic}
     bool UseCompressedOops                        = true                           {product lp64_product} {ergonomic}
     bool UseG1GC                                  = true                                      {product} {ergonomic}
     bool UseLargePagesIndividualAllocation        = false                                  {pd product} {ergonomic}

Logging:
Log output configuration:
 #0: stdout all=warning uptime,level,tags foldmultilines=false
 #1: stderr all=off uptime,level,tags foldmultilines=false

Environment Variables:
JAVA_HOME=C:\Program Files\Java\jdk-21
PATH=C:\Program Files\Java\jdk-21\bin;C:\Program Files\Microsoft\jdk-17.0.12.7-hotspot\bin;C:\windows\system32;C:\windows;C:\windows\System32\Wbem;C:\windows\System32\WindowsPowerShell\v1.0\;C:\windows\System32\OpenSSH\;C:\Program Files (x86)\NVIDIA Corporation\PhysX\Common;C:\Program Files\NVIDIA Corporation\NVIDIA NvDLISR;C:\MinGW\bin;C:\MinGW\bin;C:\Program Files\MySQL\MySQL Server 8.0\bin;C:\Program Files\Git\cmd;C:\ProgramData\chocolatey\bin;C:\Users\Arjun\AppData\Local\Android\Sdk;C:\Users\Arjun\AppData\Local\Android\Sdk\platform-tools;C:\Program Files\Java\jdk-21\bin;C:\Users\Arjun\AppData\Local\Android\Sdk\platform-tools;C:\Program Files\nodejs\;c:\Users\Arjun\AppData\Local\Programs\cursor\resources\app\bin;C:\Users\Arjun\AppData\Local\Android\Sdk\tools;C:\Program Files\dotnet\;C:\Users\Arjun\AppData\Local\Android\Sdk\tools;C:\Users\Arjun\AppData\Local\Android\Sdk\platform-tools;C:\Program Files\MySQL\MySQL Shell 8.0\bin\;C:\Users\Arjun\AppData\Local\Microsoft\WindowsApps;C:\Program Files\nodejs\;C:\Program Files\MongoDB\Server\7.0\bin;C:\Program Files\Java\jdk-21\bin;C:\Users\Arjun\AppData\Local\Android\Sdk;C:\Users\Arjun\AppData\Local\Android\Sdk\platform-tools;C:\Users\Arjun\AppData\Roaming\npm;C:\Users\Arjun\AppData\Local\Programs\cursor\resources\app\bin;C:\Program Files\Java\jdk-21\bin;C:\Users\Arjun\AppData\Local\Programs\Microsoft VS Code\bin;C:\Users\Arjun\AppData\Local\Programs\Antigravity\bin;c:\Users\Arjun\.antigravity\extensions\vscjava.vscode-java-debug-0.58.5-universal\bundled\scripts\noConfigScripts
USERNAME=Arjun
LANG=en_US.UTF-8
OS=Windows_NT
PROCESSOR_IDENTIFIER=AMD64 Family 25 Model 80 Stepping 0, AuthenticAMD
TMP=C:\Users\Arjun\AppData\Local\Temp
TEMP=C:\Users\Arjun\AppData\Local\Temp




Periodic native trim disabled

---------------  S Y S T E M  ---------------

OS:
 Windows 11 , 64 bit Build 22000 (10.0.22000.1516)
OS uptime: 3 days 3:05 hours
Hyper-V role detected

CPU: total 12 (initial active 12) (12 cores per cpu, 2 threads per core) family 25 model 80 stepping 0 microcode 0x0, cx8, cmov, fxsr, ht, mmx, 3dnowpref, sse, sse2, sse3, ssse3, sse4a, sse4.1, sse4.2, popcnt, lzcnt, tsc, tscinvbit, avx, avx2, aes, erms, clmul, bmi1, bmi2, adx, sha, fma, vzeroupper, clflush, clflushopt, hv, rdtscp, rdpid, fsrm, f16c, cet_ss
Processor Information for processor 0
  Max Mhz: 3301, Current Mhz: 2630, Mhz Limit: 3301
Processor Information for processor 1
  Max Mhz: 3301, Current Mhz: 3301, Mhz Limit: 3301
Processor Information for processor 2
  Max Mhz: 3301, Current Mhz: 2630, Mhz Limit: 3301
Processor Information for processor 3
  Max Mhz: 3301, Current Mhz: 2630, Mhz Limit: 3301
Processor Information for processor 4
  Max Mhz: 3301, Current Mhz: 2630, Mhz Limit: 3301
Processor Information for processor 5
  Max Mhz: 3301, Current Mhz: 2630, Mhz Limit: 3301
Processor Information for processor 6
  Max Mhz: 3301, Current Mhz: 2630, Mhz Limit: 3301
Processor Information for processor 7
  Max Mhz: 3301, Current Mhz: 3301, Mhz Limit: 3301
Processor Information for processor 8
  Max Mhz: 3301, Current Mhz: 3301, Mhz Limit: 3301
Processor Information for processor 9
  Max Mhz: 3301, Current Mhz: 2630, Mhz Limit: 3301
Processor Information for processor 10
  Max Mhz: 3301, Current Mhz: 3301, Mhz Limit: 3301
Processor Information for processor 11
  Max Mhz: 3301, Current Mhz: 2630, Mhz Limit: 3301

Memory: 4k page, system-wide physical 7523M (411M free)
TotalPageFile size 31075M (AvailPageFile size 163M)
current process WorkingSet (physical memory assigned to process): 20M, peak: 110M
current process commit charge ("private bytes"): 172M, peak: 173M

vm_info: Java HotSpot(TM) 64-Bit Server VM (21.0.7+8-LTS-245) for windows-amd64 JRE (21.0.7+8-LTS-245), built on 2025-02-21T05:11:27Z by "mach5one" with MS VC++ 17.6 (VS2022)

END.
