#
# There is insufficient memory for the Java Runtime Environment to continue.
# Native memory allocation (malloc) failed to allocate 32744 bytes for Chunk::new
# Possible reasons:
#   The system is out of physical RAM or swap space
#   The process is running with CompressedOops enabled, and the Java Heap may be blocking the growth of the native heap
# Possible solutions:
#   Reduce memory load on the system
#   Increase physical memory or swap space
#   Check if swap backing store is full
#   Decrease Java heap size (-Xmx/-Xms)
#   Decrease number of Java threads
#   Decrease Java thread stack sizes (-Xss)
#   Set larger code cache with -XX:ReservedCodeCacheSize=
#   JVM is running with Unscaled Compressed Oops mode in which the Java heap is
#     placed in the first 4GB address space. The Java Heap base address is the
#     maximum limit for the native heap growth. Please use -XX:HeapBaseMinAddress
#     to set the Java Heap base and to place the Java Heap above 4GB virtual address.
# This output file may be truncated or incomplete.
#
#  Out of Memory Error (arena.cpp:168), pid=26556, tid=18344
#
# JRE version: Java(TM) SE Runtime Environment (21.0.7+8) (build 21.0.7+8-LTS-245)
# Java VM: Java HotSpot(TM) 64-Bit Server VM (21.0.7+8-LTS-245, mixed mode, sharing, tiered, compressed oops, compressed class ptrs, g1 gc, windows-amd64)
# No core dump will be written. Minidumps are not enabled by default on client versions of Windows
#

---------------  S U M M A R Y ------------

Command Line: -Xmx64m -Xms64m -Dorg.gradle.appname=gradlew D:\Reactnative\CRM\Crm-App\android\\gradle\wrapper\gradle-wrapper.jar app:installDebug -PreactNativeDevServerPort=8081

Host: AMD Ryzen 5 5600H with Radeon Graphics         , 12 cores, 7G,  Windows 11 , 64 bit Build 22000 (10.0.22000.1516)
Time: Sat Mar 28 15:22:52 2026 India Standard Time elapsed time: 87.023526 seconds (0d 0h 1m 27s)

---------------  T H R E A D  ---------------

Current thread (0x0000016e34eb6710):  JavaThread "C1 CompilerThread0" daemon [_thread_in_native, id=18344, stack(0x0000003ac4200000,0x0000003ac4300000) (1024K)]


Current CompileTask:
C1:  87144 2190       3       com.google.common.collect.ImmutableList::asImmutableList (69 bytes)

Stack: [0x0000003ac4200000,0x0000003ac4300000]
Native frames: (J=compiled Java code, j=interpreted, Vv=VM code, C=native code)
V  [jvm.dll+0x6cae19]
V  [jvm.dll+0x855741]
V  [jvm.dll+0x857c6e]
V  [jvm.dll+0x858343]
V  [jvm.dll+0x27e0b6]
V  [jvm.dll+0xc4ecd]
V  [jvm.dll+0xc5403]
V  [jvm.dll+0x27fcf0]
V  [jvm.dll+0x1531f0]
V  [jvm.dll+0x152736]
V  [jvm.dll+0x15450d]
V  [jvm.dll+0x255819]
V  [jvm.dll+0x253daa]
V  [jvm.dll+0x3eebb6]
V  [jvm.dll+0x7ffa1b]
V  [jvm.dll+0x6c94fd]
C  [ucrtbase.dll+0x26c0c]
C  [KERNEL32.DLL+0x155a0]
C  [ntdll.dll+0x485b]


---------------  P R O C E S S  ---------------

Threads class SMR info:
_java_thread_list=0x0000016e7aeec890, length=12, elements={
0x0000016e184710c0, 0x0000016e34e98510, 0x0000016e34e98f60, 0x0000016e34e9fdf0,
0x0000016e34ea0cd0, 0x0000016e34ea1850, 0x0000016e34ea7eb0, 0x0000016e34eb1860,
0x0000016e34eb6710, 0x0000016e7a1d3de0, 0x0000016e7a1dbc50, 0x0000016e7af46400
}

Java Threads: ( => current thread )
  0x0000016e184710c0 JavaThread "main"                              [_thread_in_native, id=19716, stack(0x0000003ac3300000,0x0000003ac3400000) (1024K)]
  0x0000016e34e98510 JavaThread "Reference Handler"          daemon [_thread_blocked, id=16232, stack(0x0000003ac3b00000,0x0000003ac3c00000) (1024K)]
  0x0000016e34e98f60 JavaThread "Finalizer"                  daemon [_thread_blocked, id=1972, stack(0x0000003ac3c00000,0x0000003ac3d00000) (1024K)]
  0x0000016e34e9fdf0 JavaThread "Signal Dispatcher"          daemon [_thread_blocked, id=24136, stack(0x0000003ac3d00000,0x0000003ac3e00000) (1024K)]
  0x0000016e34ea0cd0 JavaThread "Attach Listener"            daemon [_thread_blocked, id=20376, stack(0x0000003ac3e00000,0x0000003ac3f00000) (1024K)]
  0x0000016e34ea1850 JavaThread "Service Thread"             daemon [_thread_blocked, id=23828, stack(0x0000003ac3f00000,0x0000003ac4000000) (1024K)]
  0x0000016e34ea7eb0 JavaThread "Monitor Deflation Thread"   daemon [_thread_blocked, id=26148, stack(0x0000003ac4000000,0x0000003ac4100000) (1024K)]
  0x0000016e34eb1860 JavaThread "C2 CompilerThread0"         daemon [_thread_in_native, id=31516, stack(0x0000003ac4100000,0x0000003ac4200000) (1024K)]
=>0x0000016e34eb6710 JavaThread "C1 CompilerThread0"         daemon [_thread_in_native, id=18344, stack(0x0000003ac4200000,0x0000003ac4300000) (1024K)]
  0x0000016e7a1d3de0 JavaThread "Notification Thread"        daemon [_thread_blocked, id=14836, stack(0x0000003ac4300000,0x0000003ac4400000) (1024K)]
  0x0000016e7a1dbc50 JavaThread "Common-Cleaner"             daemon [_thread_blocked, id=30816, stack(0x0000003ac4400000,0x0000003ac4500000) (1024K)]
  0x0000016e7af46400 JavaThread "pool-1-thread-1"                   [_thread_blocked, id=26840, stack(0x0000003ac4a00000,0x0000003ac4b00000) (1024K)]
Total: 12

Other Threads:
  0x0000016e34e806f0 VMThread "VM Thread"                           [id=22208, stack(0x0000003ac3a00000,0x0000003ac3b00000) (1024K)]
  0x0000016e34e7cef0 WatcherThread "VM Periodic Task Thread"        [id=10864, stack(0x0000003ac3900000,0x0000003ac3a00000) (1024K)]
  0x0000016e1a7e7d20 WorkerThread "GC Thread#0"                     [id=28476, stack(0x0000003ac3400000,0x0000003ac3500000) (1024K)]
  0x0000016e7a5a3510 WorkerThread "GC Thread#1"                     [id=31588, stack(0x0000003ac4700000,0x0000003ac4800000) (1024K)]
  0x0000016e7a4768c0 WorkerThread "GC Thread#2"                     [id=31276, stack(0x0000003ac4800000,0x0000003ac4900000) (1024K)]
  0x0000016e7a476c60 WorkerThread "GC Thread#3"                     [id=10168, stack(0x0000003ac4900000,0x0000003ac4a00000) (1024K)]
  0x0000016e7affce90 WorkerThread "GC Thread#4"                     [id=31520, stack(0x0000003ac4600000,0x0000003ac4700000) (1024K)]
  0x0000016e7af89b30 WorkerThread "GC Thread#5"                     [id=26100, stack(0x0000003ac4b00000,0x0000003ac4c00000) (1024K)]
  0x0000016e7adb7a90 WorkerThread "GC Thread#6"                     [id=28624, stack(0x0000003ac4c00000,0x0000003ac4d00000) (1024K)]
  0x0000016e7b085990 WorkerThread "GC Thread#7"                     [id=30740, stack(0x0000003ac4d00000,0x0000003ac4e00000) (1024K)]
  0x0000016e7b086cd0 WorkerThread "GC Thread#8"                     [id=17552, stack(0x0000003ac4e00000,0x0000003ac4f00000) (1024K)]
  0x0000016e1a7e9500 ConcurrentGCThread "G1 Main Marker"            [id=30792, stack(0x0000003ac3500000,0x0000003ac3600000) (1024K)]
  0x0000016e1a7ebed0 WorkerThread "G1 Conc#0"                       [id=31224, stack(0x0000003ac3600000,0x0000003ac3700000) (1024K)]
  0x0000016e1a87d490 ConcurrentGCThread "G1 Refine#0"               [id=6768, stack(0x0000003ac3700000,0x0000003ac3800000) (1024K)]
  0x0000016e1a87e000 ConcurrentGCThread "G1 Service"                [id=18368, stack(0x0000003ac3800000,0x0000003ac3900000) (1024K)]
Total: 15

Threads with active compile tasks:
C2 CompilerThread0    89001 2191       4       java.util.ArrayDeque$DeqIterator::hasNext (13 bytes)
C1 CompilerThread0    89001 2190       3       com.google.common.collect.ImmutableList::asImmutableList (69 bytes)
Total: 2

VM state: not at safepoint (normal execution)

VM Mutex/Monitor currently owned by a thread: None

Heap address: 0x00000000fc000000, size: 64 MB, Compressed Oops mode: 32-bit

CDS archive(s) mapped at: [0x0000016e35000000-0x0000016e35c90000-0x0000016e35c90000), size 13172736, SharedBaseAddress: 0x0000016e35000000, ArchiveRelocationMode: 1.
Compressed class space mapped at: 0x0000016e36000000-0x0000016e76000000, reserved size: 1073741824
Narrow klass base: 0x0000016e35000000, Narrow klass shift: 0, Narrow klass range: 0x100000000

GC Precious Log:
 CardTable entry size: 512
 Card Set container configuration: InlinePtr #cards 5 size 8 Array Of Cards #cards 12 size 40 Howl #buckets 4 coarsen threshold 1843 Howl Bitmap #cards 512 size 80 coarsen threshold 460 Card regions per heap region 1 cards per card region 2048
 CPUs: 12 total, 12 available
 Memory: 7523M
 Large Page Support: Disabled
 NUMA Support: Disabled
 Compressed Oops: Enabled (32-bit)
 Heap Region Size: 1M
 Heap Min Capacity: 64M
 Heap Initial Capacity: 64M
 Heap Max Capacity: 64M
 Pre-touch: Disabled
 Parallel Workers: 10
 Concurrent Workers: 3
 Concurrent Refinement Workers: 10
 Periodic GC: Disabled

Heap:
 garbage-first heap   total 65536K, used 17290K [0x00000000fc000000, 0x0000000100000000)
  region size 1024K, 12 young (12288K), 5 survivors (5120K)
 Metaspace       used 9982K, committed 10304K, reserved 1114112K
  class space    used 1265K, committed 1408K, reserved 1048576K

Heap Regions: E=young(eden), S=young(survivor), O=old, HS=humongous(starts), HC=humongous(continues), CS=collection set, F=free, TAMS=top-at-mark-start, PB=parsable bottom
|   0|0x00000000fc000000, 0x00000000fc100000, 0x00000000fc100000|100%|HS|  |TAMS 0x00000000fc000000| PB 0x00000000fc000000| Complete 
|   1|0x00000000fc100000, 0x00000000fc200000, 0x00000000fc200000|100%|HC|  |TAMS 0x00000000fc100000| PB 0x00000000fc100000| Complete 
|   2|0x00000000fc200000, 0x00000000fc300000, 0x00000000fc300000|100%|HC|  |TAMS 0x00000000fc200000| PB 0x00000000fc200000| Complete 
|   3|0x00000000fc300000, 0x00000000fc400000, 0x00000000fc400000|100%| O|  |TAMS 0x00000000fc300000| PB 0x00000000fc300000| Untracked 
|   4|0x00000000fc400000, 0x00000000fc500000, 0x00000000fc500000|100%| O|  |TAMS 0x00000000fc400000| PB 0x00000000fc400000| Untracked 
|   5|0x00000000fc500000, 0x00000000fc5e2a98, 0x00000000fc600000| 88%| O|  |TAMS 0x00000000fc500000| PB 0x00000000fc500000| Untracked 
|   6|0x00000000fc600000, 0x00000000fc600000, 0x00000000fc700000|  0%| F|  |TAMS 0x00000000fc600000| PB 0x00000000fc600000| Untracked 
|   7|0x00000000fc700000, 0x00000000fc700000, 0x00000000fc800000|  0%| F|  |TAMS 0x00000000fc700000| PB 0x00000000fc700000| Untracked 
|   8|0x00000000fc800000, 0x00000000fc800000, 0x00000000fc900000|  0%| F|  |TAMS 0x00000000fc800000| PB 0x00000000fc800000| Untracked 
|   9|0x00000000fc900000, 0x00000000fc900000, 0x00000000fca00000|  0%| F|  |TAMS 0x00000000fc900000| PB 0x00000000fc900000| Untracked 
|  10|0x00000000fca00000, 0x00000000fca00000, 0x00000000fcb00000|  0%| F|  |TAMS 0x00000000fca00000| PB 0x00000000fca00000| Untracked 
|  11|0x00000000fcb00000, 0x00000000fcb00000, 0x00000000fcc00000|  0%| F|  |TAMS 0x00000000fcb00000| PB 0x00000000fcb00000| Untracked 
|  12|0x00000000fcc00000, 0x00000000fcc00000, 0x00000000fcd00000|  0%| F|  |TAMS 0x00000000fcc00000| PB 0x00000000fcc00000| Untracked 
|  13|0x00000000fcd00000, 0x00000000fcd00000, 0x00000000fce00000|  0%| F|  |TAMS 0x00000000fcd00000| PB 0x00000000fcd00000| Untracked 
|  14|0x00000000fce00000, 0x00000000fce00000, 0x00000000fcf00000|  0%| F|  |TAMS 0x00000000fce00000| PB 0x00000000fce00000| Untracked 
|  15|0x00000000fcf00000, 0x00000000fcf00000, 0x00000000fd000000|  0%| F|  |TAMS 0x00000000fcf00000| PB 0x00000000fcf00000| Untracked 
|  16|0x00000000fd000000, 0x00000000fd000000, 0x00000000fd100000|  0%| F|  |TAMS 0x00000000fd000000| PB 0x00000000fd000000| Untracked 
|  17|0x00000000fd100000, 0x00000000fd100000, 0x00000000fd200000|  0%| F|  |TAMS 0x00000000fd100000| PB 0x00000000fd100000| Untracked 
|  18|0x00000000fd200000, 0x00000000fd200000, 0x00000000fd300000|  0%| F|  |TAMS 0x00000000fd200000| PB 0x00000000fd200000| Untracked 
|  19|0x00000000fd300000, 0x00000000fd300000, 0x00000000fd400000|  0%| F|  |TAMS 0x00000000fd300000| PB 0x00000000fd300000| Untracked 
|  20|0x00000000fd400000, 0x00000000fd400000, 0x00000000fd500000|  0%| F|  |TAMS 0x00000000fd400000| PB 0x00000000fd400000| Untracked 
|  21|0x00000000fd500000, 0x00000000fd500000, 0x00000000fd600000|  0%| F|  |TAMS 0x00000000fd500000| PB 0x00000000fd500000| Untracked 
|  22|0x00000000fd600000, 0x00000000fd600000, 0x00000000fd700000|  0%| F|  |TAMS 0x00000000fd600000| PB 0x00000000fd600000| Untracked 
|  23|0x00000000fd700000, 0x00000000fd700000, 0x00000000fd800000|  0%| F|  |TAMS 0x00000000fd700000| PB 0x00000000fd700000| Untracked 
|  24|0x00000000fd800000, 0x00000000fd900000, 0x00000000fd900000|100%| S|CS|TAMS 0x00000000fd800000| PB 0x00000000fd800000| Complete 
|  25|0x00000000fd900000, 0x00000000fda00000, 0x00000000fda00000|100%| S|CS|TAMS 0x00000000fd900000| PB 0x00000000fd900000| Complete 
|  26|0x00000000fda00000, 0x00000000fdb00000, 0x00000000fdb00000|100%| S|CS|TAMS 0x00000000fda00000| PB 0x00000000fda00000| Complete 
|  27|0x00000000fdb00000, 0x00000000fdc00000, 0x00000000fdc00000|100%| S|CS|TAMS 0x00000000fdb00000| PB 0x00000000fdb00000| Complete 
|  28|0x00000000fdc00000, 0x00000000fdd00000, 0x00000000fdd00000|100%| S|CS|TAMS 0x00000000fdc00000| PB 0x00000000fdc00000| Complete 
|  29|0x00000000fdd00000, 0x00000000fdd00000, 0x00000000fde00000|  0%| F|  |TAMS 0x00000000fdd00000| PB 0x00000000fdd00000| Untracked 
|  30|0x00000000fde00000, 0x00000000fde00000, 0x00000000fdf00000|  0%| F|  |TAMS 0x00000000fde00000| PB 0x00000000fde00000| Untracked 
|  31|0x00000000fdf00000, 0x00000000fdf00000, 0x00000000fe000000|  0%| F|  |TAMS 0x00000000fdf00000| PB 0x00000000fdf00000| Untracked 
|  32|0x00000000fe000000, 0x00000000fe000000, 0x00000000fe100000|  0%| F|  |TAMS 0x00000000fe000000| PB 0x00000000fe000000| Untracked 
|  33|0x00000000fe100000, 0x00000000fe100000, 0x00000000fe200000|  0%| F|  |TAMS 0x00000000fe100000| PB 0x00000000fe100000| Untracked 
|  34|0x00000000fe200000, 0x00000000fe200000, 0x00000000fe300000|  0%| F|  |TAMS 0x00000000fe200000| PB 0x00000000fe200000| Untracked 
|  35|0x00000000fe300000, 0x00000000fe300000, 0x00000000fe400000|  0%| F|  |TAMS 0x00000000fe300000| PB 0x00000000fe300000| Untracked 
|  36|0x00000000fe400000, 0x00000000fe400000, 0x00000000fe500000|  0%| F|  |TAMS 0x00000000fe400000| PB 0x00000000fe400000| Untracked 
|  37|0x00000000fe500000, 0x00000000fe500000, 0x00000000fe600000|  0%| F|  |TAMS 0x00000000fe500000| PB 0x00000000fe500000| Untracked 
|  38|0x00000000fe600000, 0x00000000fe600000, 0x00000000fe700000|  0%| F|  |TAMS 0x00000000fe600000| PB 0x00000000fe600000| Untracked 
|  39|0x00000000fe700000, 0x00000000fe700000, 0x00000000fe800000|  0%| F|  |TAMS 0x00000000fe700000| PB 0x00000000fe700000| Untracked 
|  40|0x00000000fe800000, 0x00000000fe800000, 0x00000000fe900000|  0%| F|  |TAMS 0x00000000fe800000| PB 0x00000000fe800000| Untracked 
|  41|0x00000000fe900000, 0x00000000fe900000, 0x00000000fea00000|  0%| F|  |TAMS 0x00000000fe900000| PB 0x00000000fe900000| Untracked 
|  42|0x00000000fea00000, 0x00000000fea00000, 0x00000000feb00000|  0%| F|  |TAMS 0x00000000fea00000| PB 0x00000000fea00000| Untracked 
|  43|0x00000000feb00000, 0x00000000feb00000, 0x00000000fec00000|  0%| F|  |TAMS 0x00000000feb00000| PB 0x00000000feb00000| Untracked 
|  44|0x00000000fec00000, 0x00000000fec00000, 0x00000000fed00000|  0%| F|  |TAMS 0x00000000fec00000| PB 0x00000000fec00000| Untracked 
|  45|0x00000000fed00000, 0x00000000fed00000, 0x00000000fee00000|  0%| F|  |TAMS 0x00000000fed00000| PB 0x00000000fed00000| Untracked 
|  46|0x00000000fee00000, 0x00000000fee00000, 0x00000000fef00000|  0%| F|  |TAMS 0x00000000fee00000| PB 0x00000000fee00000| Untracked 
|  47|0x00000000fef00000, 0x00000000fef00000, 0x00000000ff000000|  0%| F|  |TAMS 0x00000000fef00000| PB 0x00000000fef00000| Untracked 
|  48|0x00000000ff000000, 0x00000000ff000000, 0x00000000ff100000|  0%| F|  |TAMS 0x00000000ff000000| PB 0x00000000ff000000| Untracked 
|  49|0x00000000ff100000, 0x00000000ff100000, 0x00000000ff200000|  0%| F|  |TAMS 0x00000000ff100000| PB 0x00000000ff100000| Untracked 
|  50|0x00000000ff200000, 0x00000000ff200000, 0x00000000ff300000|  0%| F|  |TAMS 0x00000000ff200000| PB 0x00000000ff200000| Untracked 
|  51|0x00000000ff300000, 0x00000000ff300000, 0x00000000ff400000|  0%| F|  |TAMS 0x00000000ff300000| PB 0x00000000ff300000| Untracked 
|  52|0x00000000ff400000, 0x00000000ff400000, 0x00000000ff500000|  0%| F|  |TAMS 0x00000000ff400000| PB 0x00000000ff400000| Untracked 
|  53|0x00000000ff500000, 0x00000000ff500000, 0x00000000ff600000|  0%| F|  |TAMS 0x00000000ff500000| PB 0x00000000ff500000| Untracked 
|  54|0x00000000ff600000, 0x00000000ff600000, 0x00000000ff700000|  0%| F|  |TAMS 0x00000000ff600000| PB 0x00000000ff600000| Untracked 
|  55|0x00000000ff700000, 0x00000000ff700000, 0x00000000ff800000|  0%| F|  |TAMS 0x00000000ff700000| PB 0x00000000ff700000| Untracked 
|  56|0x00000000ff800000, 0x00000000ff800000, 0x00000000ff900000|  0%| F|  |TAMS 0x00000000ff800000| PB 0x00000000ff800000| Untracked 
|  57|0x00000000ff900000, 0x00000000ff96a238, 0x00000000ffa00000| 41%| E|  |TAMS 0x00000000ff900000| PB 0x00000000ff900000| Complete 
|  58|0x00000000ffa00000, 0x00000000ffb00000, 0x00000000ffb00000|100%| E|CS|TAMS 0x00000000ffa00000| PB 0x00000000ffa00000| Complete 
|  59|0x00000000ffb00000, 0x00000000ffc00000, 0x00000000ffc00000|100%| E|CS|TAMS 0x00000000ffb00000| PB 0x00000000ffb00000| Complete 
|  60|0x00000000ffc00000, 0x00000000ffd00000, 0x00000000ffd00000|100%| E|CS|TAMS 0x00000000ffc00000| PB 0x00000000ffc00000| Complete 
|  61|0x00000000ffd00000, 0x00000000ffe00000, 0x00000000ffe00000|100%| E|CS|TAMS 0x00000000ffd00000| PB 0x00000000ffd00000| Complete 
|  62|0x00000000ffe00000, 0x00000000fff00000, 0x00000000fff00000|100%| E|CS|TAMS 0x00000000ffe00000| PB 0x00000000ffe00000| Complete 
|  63|0x00000000fff00000, 0x0000000100000000, 0x0000000100000000|100%| E|CS|TAMS 0x00000000fff00000| PB 0x00000000fff00000| Complete 

Card table byte_map: [0x0000016e187a0000,0x0000016e187c0000] _byte_map_base: 0x0000016e17fc0000

Marking Bits: (CMBitMap*) 0x0000016e1a7e8420
 Bits: [0x0000016e321c0000, 0x0000016e322c0000)

Polling page: 0x0000016e18750000

Metaspace:

Usage:
  Non-class:      8.51 MB used.
      Class:      1.24 MB used.
       Both:      9.75 MB used.

Virtual space:
  Non-class space:       64.00 MB reserved,       8.69 MB ( 14%) committed,  1 nodes.
      Class space:        1.00 GB reserved,       1.38 MB ( <1%) committed,  1 nodes.
             Both:        1.06 GB reserved,      10.06 MB ( <1%) committed. 

Chunk freelists:
   Non-Class:  6.39 MB
       Class:  14.58 MB
        Both:  20.97 MB

MaxMetaspaceSize: unlimited
CompressedClassSpaceSize: 1.00 GB
Initial GC threshold: 21.00 MB
Current GC threshold: 21.00 MB
CDS: on
 - commit_granule_bytes: 65536.
 - commit_granule_words: 8192.
 - virtual_space_node_default_size: 8388608.
 - enlarge_chunks_in_place: 1.
 - use_allocation_guard: 0.


Internal statistics:

num_allocs_failed_limit: 0.
num_arena_births: 228.
num_arena_deaths: 0.
num_vsnodes_births: 2.
num_vsnodes_deaths: 0.
num_space_committed: 161.
num_space_uncommitted: 0.
num_chunks_returned_to_freelist: 0.
num_chunks_taken_from_freelist: 534.
num_chunk_merges: 0.
num_chunk_splits: 337.
num_chunks_enlarged: 239.
num_inconsistent_stats: 0.

CodeHeap 'non-profiled nmethods': size=120000Kb used=839Kb max_used=839Kb free=119160Kb
 bounds [0x0000016e2a740000, 0x0000016e2a9b0000, 0x0000016e31c70000]
CodeHeap 'profiled nmethods': size=120000Kb used=4176Kb max_used=4176Kb free=115823Kb
 bounds [0x0000016e22c70000, 0x0000016e23090000, 0x0000016e2a1a0000]
CodeHeap 'non-nmethods': size=5760Kb used=1397Kb max_used=1416Kb free=4362Kb
 bounds [0x0000016e2a1a0000, 0x0000016e2a410000, 0x0000016e2a740000]
 total_blobs=2680 nmethods=2188 adapters=396
 compilation: enabled
              stopped_count=0, restarted_count=0
 full_count=0

Compilation events (20 events):
Event: 68.834 Thread 0x0000016e34eb6710 2181       3       org.gradle.internal.logging.console.DefaultColorMap$1::on (1 bytes)
Event: 68.834 Thread 0x0000016e34eb6710 nmethod 2181 0x0000016e2307fa90 code [0x0000016e2307fc20, 0x0000016e2307fd28]
Event: 68.834 Thread 0x0000016e34eb6710 2182       3       org.gradle.internal.logging.console.DefaultColorMap$1::off (1 bytes)
Event: 68.834 Thread 0x0000016e34eb6710 nmethod 2182 0x0000016e2307fd90 code [0x0000016e2307ff20, 0x0000016e23080028]
Event: 68.842 Thread 0x0000016e34eb6710 2183       3       org.gradle.internal.logging.console.DefaultAnsiExecutor$AnsiContextImpl::newLine (82 bytes)
Event: 68.846 Thread 0x0000016e34eb6710 nmethod 2183 0x0000016e23080090 code [0x0000016e23080340, 0x0000016e23080dd0]
Event: 68.846 Thread 0x0000016e34eb6710 2184       3       org.gradle.internal.logging.console.DefaultAnsiExecutor::writeAt (42 bytes)
Event: 68.848 Thread 0x0000016e34eb6710 nmethod 2184 0x0000016e23081410 code [0x0000016e23081760, 0x0000016e23082d98]
Event: 68.861 Thread 0x0000016e34eb1860 nmethod 2180% 0x0000016e2a80d810 code [0x0000016e2a80db60, 0x0000016e2a80eff8]
Event: 72.135 Thread 0x0000016e34eb1860 2185       4       java.util.concurrent.atomic.AtomicLong::compareAndSet (13 bytes)
Event: 72.137 Thread 0x0000016e34eb1860 nmethod 2185 0x0000016e2a80fd90 code [0x0000016e2a80ff20, 0x0000016e2a80ffc0]
Event: 72.833 Thread 0x0000016e34eb1860 2186       4       java.util.LinkedHashMap$LinkedValueIterator::next (8 bytes)
Event: 72.835 Thread 0x0000016e34eb1860 nmethod 2186 0x0000016e2a810090 code [0x0000016e2a810220, 0x0000016e2a8104f8]
Event: 73.533 Thread 0x0000016e34eb1860 2187       4       java.util.AbstractList::equals (117 bytes)
Event: 73.559 Thread 0x0000016e34eb1860 nmethod 2187 0x0000016e2a810610 code [0x0000016e2a8108a0, 0x0000016e2a8113c8]
Event: 74.722 Thread 0x0000016e34eb6710 2188   !   3       org.apache.commons.io.output.ProxyOutputStream::write (32 bytes)
Event: 74.722 Thread 0x0000016e34eb6710 nmethod 2188 0x0000016e23083590 code [0x0000016e23083760, 0x0000016e23083c18]
Event: 74.722 Thread 0x0000016e34eb6710 2189       3       org.apache.commons.io.output.ProxyOutputStream::beforeWrite (1 bytes)
Event: 74.722 Thread 0x0000016e34eb6710 nmethod 2189 0x0000016e23083e10 code [0x0000016e23083fa0, 0x0000016e230840a8]
Event: 86.192 Thread 0x0000016e34eb6710 2190       3       com.google.common.collect.ImmutableList::asImmutableList (69 bytes)

GC Heap History (4 events):
Event: 0.337 GC heap before
{Heap before GC invocations=0 (full 0):
 garbage-first heap   total 65536K, used 23552K [0x00000000fc000000, 0x0000000100000000)
  region size 1024K, 23 young (23552K), 0 survivors (0K)
 Metaspace       used 1633K, committed 1792K, reserved 1114112K
  class space    used 147K, committed 256K, reserved 1048576K
}
Event: 0.340 GC heap after
{Heap after GC invocations=1 (full 0):
 garbage-first heap   total 65536K, used 1824K [0x00000000fc000000, 0x0000000100000000)
  region size 1024K, 2 young (2048K), 2 survivors (2048K)
 Metaspace       used 1633K, committed 1792K, reserved 1114112K
  class space    used 147K, committed 256K, reserved 1048576K
}
Event: 0.985 GC heap before
{Heap before GC invocations=1 (full 0):
 garbage-first heap   total 65536K, used 37664K [0x00000000fc000000, 0x0000000100000000)
  region size 1024K, 35 young (35840K), 2 survivors (2048K)
 Metaspace       used 8942K, committed 9216K, reserved 1114112K
  class space    used 1182K, committed 1344K, reserved 1048576K
}
Event: 0.989 GC heap after
{Heap after GC invocations=2 (full 0):
 garbage-first heap   total 65536K, used 11146K [0x00000000fc000000, 0x0000000100000000)
  region size 1024K, 5 young (5120K), 5 survivors (5120K)
 Metaspace       used 8942K, committed 9216K, reserved 1114112K
  class space    used 1182K, committed 1344K, reserved 1048576K
}

Dll operation events (13 events):
Event: 0.007 Loaded shared library C:\Program Files\Java\jdk-21\bin\java.dll
Event: 0.033 Loaded shared library C:\Program Files\Java\jdk-21\bin\jsvml.dll
Event: 0.046 Loaded shared library C:\Program Files\Java\jdk-21\bin\net.dll
Event: 0.048 Loaded shared library C:\Program Files\Java\jdk-21\bin\nio.dll
Event: 0.050 Loaded shared library C:\Program Files\Java\jdk-21\bin\zip.dll
Event: 0.317 Loaded shared library C:\Program Files\Java\jdk-21\bin\jimage.dll
Event: 0.550 Loaded shared library C:\Program Files\Java\jdk-21\bin\management.dll
Event: 0.556 Loaded shared library C:\Program Files\Java\jdk-21\bin\management_ext.dll
Event: 0.580 Loaded shared library C:\Program Files\Java\jdk-21\bin\verify.dll
Event: 0.587 Loaded shared library C:\Users\Arjun\.gradle\native\1def1411415f61bf3af743bc5b6707747c0891f09f0c88961ee8f79bc544acac\windows-amd64\native-platform.dll
Event: 0.609 Loaded shared library C:\Users\Arjun\.gradle\native\jansi\1.18\windows64\jansi.dll
Event: 0.710 Loaded shared library C:\Program Files\Java\jdk-21\bin\extnet.dll
Event: 0.969 Loaded shared library C:\Program Files\Java\jdk-21\bin\sunmscapi.dll

Deoptimization events (20 events):
Event: 4.282 Thread 0x0000016e184710c0 DEOPT PACKING pc=0x0000016e2a7e8d18 sp=0x0000003ac33fd0c0
Event: 4.282 Thread 0x0000016e184710c0 DEOPT UNPACKING pc=0x0000016e2a1f46a2 sp=0x0000003ac33fd030 mode 2
Event: 6.527 Thread 0x0000016e7af46400 Uncommon trap: trap_request=0xffffff45 fr.pc=0x0000016e2a7ad464 relative=0x00000000000005e4
Event: 6.527 Thread 0x0000016e7af46400 Uncommon trap: reason=unstable_if action=reinterpret pc=0x0000016e2a7ad464 method=java.lang.Integer.getChars(II[B)I @ 25 c2
Event: 6.527 Thread 0x0000016e7af46400 DEOPT PACKING pc=0x0000016e2a7ad464 sp=0x0000003ac4afefb0
Event: 6.527 Thread 0x0000016e7af46400 DEOPT UNPACKING pc=0x0000016e2a1f46a2 sp=0x0000003ac4afeef8 mode 2
Event: 15.025 Thread 0x0000016e7af46400 Uncommon trap: trap_request=0xffffff45 fr.pc=0x0000016e2a7f756c relative=0x00000000000004ac
Event: 15.025 Thread 0x0000016e7af46400 Uncommon trap: reason=unstable_if action=reinterpret pc=0x0000016e2a7f756c method=org.gradle.internal.logging.text.AbstractLineChoppingStyledTextOutput$2.execute(Lorg/gradle/internal/logging/text/AbstractLineChoppingStyledTextOutput$StateContext;)V @ 34 c
Event: 15.025 Thread 0x0000016e7af46400 DEOPT PACKING pc=0x0000016e2a7f756c sp=0x0000003ac4afed40
Event: 15.025 Thread 0x0000016e7af46400 DEOPT UNPACKING pc=0x0000016e2a1f46a2 sp=0x0000003ac4afebd8 mode 2
Event: 21.971 Thread 0x0000016e184710c0 DEOPT PACKING pc=0x0000016e22f5f1ed sp=0x0000003ac33fdbc0
Event: 21.971 Thread 0x0000016e184710c0 DEOPT UNPACKING pc=0x0000016e2a1f4e42 sp=0x0000003ac33fd058 mode 0
Event: 68.762 Thread 0x0000016e184710c0 Uncommon trap: trap_request=0xffffff45 fr.pc=0x0000016e2a80594c relative=0x000000000000040c
Event: 68.762 Thread 0x0000016e184710c0 Uncommon trap: reason=unstable_if action=reinterpret pc=0x0000016e2a80594c method=com.esotericsoftware.kryo.io.Input.readUtf8(I)V @ 79 c2
Event: 68.762 Thread 0x0000016e184710c0 DEOPT PACKING pc=0x0000016e2a80594c sp=0x0000003ac33fdda0
Event: 68.762 Thread 0x0000016e184710c0 DEOPT UNPACKING pc=0x0000016e2a1f46a2 sp=0x0000003ac33fdd38 mode 2
Event: 68.764 Thread 0x0000016e184710c0 DEOPT PACKING pc=0x0000016e2307d95d sp=0x0000003ac33fdda0
Event: 68.764 Thread 0x0000016e184710c0 DEOPT UNPACKING pc=0x0000016e2a1f4e42 sp=0x0000003ac33fd238 mode 0
Event: 68.829 Thread 0x0000016e7af46400 DEOPT PACKING pc=0x0000016e22f93a8a sp=0x0000003ac4afe230
Event: 68.829 Thread 0x0000016e7af46400 DEOPT UNPACKING pc=0x0000016e2a1f4e42 sp=0x0000003ac4afd6a0 mode 0

Classes loaded (20 events):
Event: 4.276 Loading class jdk/internal/logger/LazyLoggers
Event: 4.276 Loading class jdk/internal/logger/LazyLoggers done
Event: 4.276 Loading class jdk/internal/logger/LazyLoggers$1
Event: 4.277 Loading class jdk/internal/logger/LazyLoggers$1 done
Event: 4.277 Loading class jdk/internal/logger/LazyLoggers$LazyLoggerFactories
Event: 4.277 Loading class jdk/internal/logger/LazyLoggers$LazyLoggerFactories done
Event: 4.278 Loading class jdk/internal/logger/LoggerFinderLoader
Event: 4.278 Loading class jdk/internal/logger/LoggerFinderLoader done
Event: 4.278 Loading class jdk/internal/logger/LoggerFinderLoader$TemporaryLoggerFinder
Event: 4.279 Loading class jdk/internal/logger/LoggerFinderLoader$TemporaryLoggerFinder done
Event: 4.279 Loading class sun/util/logging/internal/LoggingProviderImpl$JULWrapper
Event: 4.279 Loading class sun/util/logging/PlatformLogger$ConfigurableBridge$LoggerConfiguration
Event: 4.280 Loading class sun/util/logging/PlatformLogger$ConfigurableBridge$LoggerConfiguration done
Event: 4.280 Loading class sun/util/logging/internal/LoggingProviderImpl$JULWrapper done
Event: 4.281 Loading class java/io/ObjectInputFilter$Config$BuiltinFilterFactory
Event: 4.281 Loading class java/io/ObjectInputFilter$Config$BuiltinFilterFactory done
Event: 4.281 Loading class jdk/internal/access/JavaObjectInputFilterAccess
Event: 4.281 Loading class jdk/internal/access/JavaObjectInputFilterAccess done
Event: 4.281 Loading class java/lang/System$Logger$Level
Event: 4.282 Loading class java/lang/System$Logger$Level done

Classes unloaded (0 events):
No events

Classes redefined (0 events):
No events

Internal exceptions (20 events):
Event: 0.123 Thread 0x0000016e184710c0 Exception <a 'java/lang/NoSuchMethodError'{0x00000000ffc8eb68}: 'int java.lang.invoke.DirectMethodHandle$Holder.invokeStaticInit(java.lang.Object, java.lang.Object)'> (0x00000000ffc8eb68) 
thrown [s\open\src\hotspot\share\interpreter\linkResolver.cpp, line 773]
Event: 0.458 Thread 0x0000016e184710c0 Exception <a 'java/lang/NoSuchMethodError'{0x00000000ff6685e8}: 'java.lang.Object java.lang.invoke.DirectMethodHandle$Holder.invokeVirtual(java.lang.Object, java.lang.Object, java.lang.Object)'> (0x00000000ff6685e8) 
thrown [s\open\src\hotspot\share\interpreter\linkResolver.cpp, line 773]
Event: 0.561 Thread 0x0000016e184710c0 Exception <a 'java/lang/NoSuchMethodError'{0x00000000ff1e5820}: 'int java.lang.invoke.DirectMethodHandle$Holder.invokeSpecial(java.lang.Object, java.lang.Object, java.lang.Object)'> (0x00000000ff1e5820) 
thrown [s\open\src\hotspot\share\interpreter\linkResolver.cpp, line 773]
Event: 0.565 Thread 0x0000016e184710c0 Implicit null exception at 0x0000016e2a7abbbc to 0x0000016e2a7ac1f8
Event: 0.594 Thread 0x0000016e184710c0 Exception <a 'java/lang/NoSuchMethodError'{0x00000000feff78d8}: 'java.lang.Object java.lang.invoke.DirectMethodHandle$Holder.invokeStatic(java.lang.Object, java.lang.Object, int)'> (0x00000000feff78d8) 
thrown [s\open\src\hotspot\share\interpreter\linkResolver.cpp, line 773]
Event: 0.595 Thread 0x0000016e184710c0 Exception <a 'java/lang/NoSuchMethodError'{0x00000000fee030c8}: 'void java.lang.invoke.DelegatingMethodHandle$Holder.delegate(java.lang.Object, java.lang.Object, int, java.lang.Object)'> (0x00000000fee030c8) 
thrown [s\open\src\hotspot\share\interpreter\linkResolver.cpp, line 773]
Event: 0.645 Thread 0x0000016e184710c0 Exception <a 'java/lang/NoSuchMethodError'{0x00000000fea2c0d8}: 'java.lang.Object java.lang.invoke.DirectMethodHandle$Holder.newInvokeSpecial(java.lang.Object, java.lang.Object, java.lang.Object, java.lang.Object, java.lang.Object)'> (0x00000000fea2c0d8) 
thrown [s\open\src\hotspot\share\interpreter\linkResolver.cpp, line 773]
Event: 0.650 Thread 0x0000016e184710c0 Exception <a 'java/lang/NoSuchMethodError'{0x00000000fea8f7c8}: 'java.lang.Object java.lang.invoke.Invokers$Holder.invokeExact_MT(java.lang.Object, java.lang.Object, java.lang.Object, java.lang.Object, java.lang.Object)'> (0x00000000fea8f7c8) 
thrown [s\open\src\hotspot\share\interpreter\linkResolver.cpp, line 773]
Event: 0.653 Thread 0x0000016e184710c0 Exception <a 'java/lang/NoSuchMethodError'{0x00000000feac24c0}: 'java.lang.Object java.lang.invoke.DirectMethodHandle$Holder.invokeVirtual(java.lang.Object, java.lang.Object, java.lang.Object, java.lang.Object, java.lang.Object, java.lang.Object, java.lang.Object)'> (0x00000000feac24c0) 
thrown [s\open\src\hotspot\share\interpreter\linkResolver.cpp, line 773]
Event: 0.657 Thread 0x0000016e184710c0 Exception <a 'java/lang/NoSuchMethodError'{0x00000000fe906fc8}: 'java.lang.Object java.lang.invoke.DirectMethodHandle$Holder.invokeVirtual(java.lang.Object, java.lang.Object, java.lang.Object, java.lang.Object)'> (0x00000000fe906fc8) 
thrown [s\open\src\hotspot\share\interpreter\linkResolver.cpp, line 773]
Event: 0.712 Thread 0x0000016e184710c0 Exception <a 'java/lang/NoSuchMethodError'{0x00000000fe5e2748}: 'void java.lang.invoke.DirectMethodHandle$Holder.invokeStatic(java.lang.Object, java.lang.Object, java.lang.Object)'> (0x00000000fe5e2748) 
thrown [s\open\src\hotspot\share\interpreter\linkResolver.cpp, line 773]
Event: 0.718 Thread 0x0000016e184710c0 Exception <a 'java/lang/NoSuchMethodError'{0x00000000fe403528}: 'java.lang.Object java.lang.invoke.DirectMethodHandle$Holder.invokeVirtual(java.lang.Object, java.lang.Object, java.lang.Object, java.lang.Object, java.lang.Object)'> (0x00000000fe403528) 
thrown [s\open\src\hotspot\share\interpreter\linkResolver.cpp, line 773]
Event: 0.719 Thread 0x0000016e184710c0 Exception <a 'java/lang/NoSuchMethodError'{0x00000000fe416168}: 'java.lang.Object java.lang.invoke.Invokers$Holder.invokeExact_MT(java.lang.Object, java.lang.Object, java.lang.Object, java.lang.Object, java.lang.Object, java.lang.Object)'> (0x00000000fe416168) 
thrown [s\open\src\hotspot\share\interpreter\linkResolver.cpp, line 773]
Event: 0.746 Thread 0x0000016e184710c0 Exception <a 'java/lang/NoSuchMethodError'{0x00000000fe290e60}: 'java.lang.Object java.lang.invoke.DirectMethodHandle$Holder.invokeVirtual(java.lang.Object, java.lang.Object, java.lang.Object, java.lang.Object, java.lang.Object, java.lang.Object, java.lang.Object, java.lang.Object, java.lang.Object)'> (0x00000000fe290e60) 
thrown [s\open\src\hotspot\share\interpreter\linkResolver.cpp, line 773]
Event: 0.775 Thread 0x0000016e184710c0 Exception <a 'java/lang/NoSuchMethodError'{0x00000000fe0d94e8}: 'java.lang.Object java.lang.invoke.DirectMethodHandle$Holder.invokeVirtual(java.lang.Object, java.lang.Object, java.lang.Object, java.lang.Object, java.lang.Object, java.lang.Object, java.lang.Object, java.lang.Object)'> (0x00000000fe0d94e8) 
thrown [s\open\src\hotspot\share\interpreter\linkResolver.cpp, line 773]
Event: 0.783 Thread 0x0000016e184710c0 Exception <a 'java/lang/NoSuchMethodError'{0x00000000fdf69db8}: 'java.lang.Object java.lang.invoke.DirectMethodHandle$Holder.invokeStaticInit(java.lang.Object, int, int, int, int)'> (0x00000000fdf69db8) 
thrown [s\open\src\hotspot\share\interpreter\linkResolver.cpp, line 773]
Event: 0.921 Thread 0x0000016e184710c0 Exception <a 'java/lang/NoSuchMethodError'{0x00000000fde32bb8}: 'java.lang.Object java.lang.invoke.DirectMethodHandle$Holder.invokeStaticInit(java.lang.Object, java.lang.Object, int, int, int, int)'> (0x00000000fde32bb8) 
thrown [s\open\src\hotspot\share\interpreter\linkResolver.cpp, line 773]
Event: 0.936 Thread 0x0000016e184710c0 Implicit null exception at 0x0000016e2a78f7a4 to 0x0000016e2a78fdf8
Event: 0.938 Thread 0x0000016e184710c0 Implicit null exception at 0x0000016e2a793b20 to 0x0000016e2a7940b0
Event: 0.940 Thread 0x0000016e184710c0 Exception <a 'java/lang/NoSuchMethodError'{0x00000000fdd23be8}: 'void java.lang.invoke.DirectMethodHandle$Holder.invokeInterface(java.lang.Object, java.lang.Object, java.lang.Object)'> (0x00000000fdd23be8) 
thrown [s\open\src\hotspot\share\interpreter\linkResolver.cpp, line 773]

ZGC Phase Switch (0 events):
No events

VM Operations (20 events):
Event: 52.749 Executing VM operation: Cleanup
Event: 52.749 Executing VM operation: Cleanup done
Event: 56.782 Executing VM operation: Cleanup
Event: 56.783 Executing VM operation: Cleanup done
Event: 60.118 Executing VM operation: HandshakeAllThreads (HandshakeForDeflation)
Event: 60.119 Executing VM operation: HandshakeAllThreads (HandshakeForDeflation) done
Event: 60.119 Executing VM operation: RendezvousGCThreads
Event: 60.119 Executing VM operation: RendezvousGCThreads done
Event: 61.122 Executing VM operation: Cleanup
Event: 61.122 Executing VM operation: Cleanup done
Event: 62.129 Executing VM operation: Cleanup
Event: 62.129 Executing VM operation: Cleanup done
Event: 67.172 Executing VM operation: Cleanup
Event: 67.172 Executing VM operation: Cleanup done
Event: 69.199 Executing VM operation: Cleanup
Event: 69.199 Executing VM operation: Cleanup done
Event: 73.236 Executing VM operation: Cleanup
Event: 73.236 Executing VM operation: Cleanup done
Event: 75.250 Executing VM operation: Cleanup
Event: 75.250 Executing VM operation: Cleanup done

Events (16 events):
Event: 0.018 Thread 0x0000016e184710c0 Thread added: 0x0000016e184710c0
Event: 0.031 Thread 0x0000016e34e98510 Thread added: 0x0000016e34e98510
Event: 0.031 Thread 0x0000016e34e98f60 Thread added: 0x0000016e34e98f60
Event: 0.031 Thread 0x0000016e34e9fdf0 Thread added: 0x0000016e34e9fdf0
Event: 0.031 Thread 0x0000016e34ea0cd0 Thread added: 0x0000016e34ea0cd0
Event: 0.031 Thread 0x0000016e34ea1850 Thread added: 0x0000016e34ea1850
Event: 0.031 Thread 0x0000016e34ea7eb0 Thread added: 0x0000016e34ea7eb0
Event: 0.031 Thread 0x0000016e34eb1860 Thread added: 0x0000016e34eb1860
Event: 0.032 Thread 0x0000016e34eb6710 Thread added: 0x0000016e34eb6710
Event: 0.042 Thread 0x0000016e7a1d3de0 Thread added: 0x0000016e7a1d3de0
Event: 0.043 Thread 0x0000016e7a1dbc50 Thread added: 0x0000016e7a1dbc50
Event: 0.261 Thread 0x0000016e7a518050 Thread added: 0x0000016e7a518050
Event: 0.317 Thread 0x0000016e7a2ecac0 Thread added: 0x0000016e7a2ecac0
Event: 0.621 Thread 0x0000016e7af46400 Thread added: 0x0000016e7af46400
Event: 0.917 Thread 0x0000016e7a2ecac0 Thread exited: 0x0000016e7a2ecac0
Event: 0.921 Thread 0x0000016e7a518050 Thread exited: 0x0000016e7a518050


Dynamic libraries:
0x00007ff608120000 - 0x00007ff608130000 	C:\Program Files\Java\jdk-21\bin\java.exe
0x00007ffe625a0000 - 0x00007ffe627a9000 	C:\windows\SYSTEM32\ntdll.dll
0x00007ffe61ff0000 - 0x00007ffe620ae000 	C:\windows\System32\KERNEL32.DLL
0x00007ffe5fc30000 - 0x00007ffe5ffac000 	C:\windows\System32\KERNELBASE.dll
0x00007ffe5ffb0000 - 0x00007ffe600c1000 	C:\windows\System32\ucrtbase.dll
0x00007ffe3cd80000 - 0x00007ffe3cd99000 	C:\Program Files\Java\jdk-21\bin\jli.dll
0x00007ffe3c7e0000 - 0x00007ffe3c7fb000 	C:\Program Files\Java\jdk-21\bin\VCRUNTIME140.dll
0x00007ffe61620000 - 0x00007ffe616ce000 	C:\windows\System32\ADVAPI32.dll
0x00007ffe623e0000 - 0x00007ffe62483000 	C:\windows\System32\msvcrt.dll
0x00007ffe60420000 - 0x00007ffe604be000 	C:\windows\System32\sechost.dll
0x00007ffe616d0000 - 0x00007ffe617f0000 	C:\windows\System32\RPCRT4.dll
0x00007ffe62140000 - 0x00007ffe622ed000 	C:\windows\System32\USER32.dll
0x00007ffe5fb60000 - 0x00007ffe5fb86000 	C:\windows\System32\win32u.dll
0x00007ffe3d920000 - 0x00007ffe3dbc5000 	C:\windows\WinSxS\amd64_microsoft.windows.common-controls_6595b64144ccf1df_6.0.22000.120_none_9d947278b86cc467\COMCTL32.dll
0x00007ffe604c0000 - 0x00007ffe604e9000 	C:\windows\System32\GDI32.dll
0x00007ffe60300000 - 0x00007ffe60418000 	C:\windows\System32\gdi32full.dll
0x00007ffe5fb90000 - 0x00007ffe5fc2d000 	C:\windows\System32\msvcp_win.dll
0x00007ffe54fd0000 - 0x00007ffe54fda000 	C:\windows\SYSTEM32\VERSION.dll
0x00007ffe619f0000 - 0x00007ffe61a21000 	C:\windows\System32\IMM32.DLL
0x00007ffe57ca0000 - 0x00007ffe57cac000 	C:\Program Files\Java\jdk-21\bin\vcruntime140_1.dll
0x00007ffdbaee0000 - 0x00007ffdbaf6e000 	C:\Program Files\Java\jdk-21\bin\msvcp140.dll
0x00007ffd7c7f0000 - 0x00007ffd7d50a000 	C:\Program Files\Java\jdk-21\bin\server\jvm.dll
0x00007ffe5f940000 - 0x00007ffe5f98d000 	C:\windows\SYSTEM32\POWRPROF.dll
0x00007ffe62370000 - 0x00007ffe623df000 	C:\windows\System32\WS2_32.dll
0x00007ffe58ce0000 - 0x00007ffe58d13000 	C:\windows\SYSTEM32\WINMM.dll
0x00007ffe5f920000 - 0x00007ffe5f933000 	C:\windows\SYSTEM32\UMPDC.dll
0x00007ffe5eab0000 - 0x00007ffe5eac8000 	C:\windows\SYSTEM32\kernel.appcore.dll
0x00007ffe426d0000 - 0x00007ffe426da000 	C:\Program Files\Java\jdk-21\bin\jimage.dll
0x00007ffe51450000 - 0x00007ffe51671000 	C:\windows\SYSTEM32\DBGHELP.DLL
0x00007ffe3a540000 - 0x00007ffe3a571000 	C:\windows\SYSTEM32\dbgcore.DLL
0x00007ffe5fa70000 - 0x00007ffe5faef000 	C:\windows\System32\bcryptPrimitives.dll
0x00007ffe373f0000 - 0x00007ffe3740f000 	C:\Program Files\Java\jdk-21\bin\java.dll
0x00007ffe604f0000 - 0x00007ffe60cb5000 	C:\windows\System32\SHELL32.dll
0x00007ffe5db20000 - 0x00007ffe5e385000 	C:\windows\SYSTEM32\windows.storage.dll
0x00007ffe60cc0000 - 0x00007ffe61036000 	C:\windows\System32\combase.dll
0x00007ffe5d9b0000 - 0x00007ffe5db16000 	C:\windows\SYSTEM32\wintypes.dll
0x00007ffe61900000 - 0x00007ffe619ea000 	C:\windows\System32\SHCORE.dll
0x00007ffe622f0000 - 0x00007ffe6234d000 	C:\windows\System32\shlwapi.dll
0x00007ffe5f9a0000 - 0x00007ffe5f9c1000 	C:\windows\SYSTEM32\profapi.dll
0x00007ffdb6170000 - 0x00007ffdb6247000 	C:\Program Files\Java\jdk-21\bin\jsvml.dll
0x00007ffe425a0000 - 0x00007ffe425b0000 	C:\Program Files\Java\jdk-21\bin\net.dll
0x00007ffe59f40000 - 0x00007ffe5a052000 	C:\windows\SYSTEM32\WINHTTP.dll
0x00007ffe5ef50000 - 0x00007ffe5efb7000 	C:\windows\system32\mswsock.dll
0x00007ffe1de20000 - 0x00007ffe1de36000 	C:\Program Files\Java\jdk-21\bin\nio.dll
0x00007ffe1c7f0000 - 0x00007ffe1c808000 	C:\Program Files\Java\jdk-21\bin\zip.dll
0x00007ffe3cf40000 - 0x00007ffe3cf4a000 	C:\Program Files\Java\jdk-21\bin\management.dll
0x00007ffe37090000 - 0x00007ffe3709b000 	C:\Program Files\Java\jdk-21\bin\management_ext.dll
0x00007ffe62360000 - 0x00007ffe62368000 	C:\windows\System32\PSAPI.DLL
0x00007ffe2cea0000 - 0x00007ffe2ceb0000 	C:\Program Files\Java\jdk-21\bin\verify.dll
0x00007ffe3cd50000 - 0x00007ffe3cd77000 	C:\Users\Arjun\.gradle\native\1def1411415f61bf3af743bc5b6707747c0891f09f0c88961ee8f79bc544acac\windows-amd64\native-platform.dll
0x00007ffe5c230000 - 0x00007ffe5c23a000 	C:\Users\Arjun\.gradle\native\jansi\1.18\windows64\jansi.dll
0x00007ffe5e5e0000 - 0x00007ffe5e60d000 	C:\windows\SYSTEM32\IPHLPAPI.DLL
0x00007ffe62350000 - 0x00007ffe62359000 	C:\windows\System32\NSI.dll
0x00007ffe16b70000 - 0x00007ffe16b79000 	C:\Program Files\Java\jdk-21\bin\extnet.dll
0x00007ffe5f160000 - 0x00007ffe5f178000 	C:\windows\SYSTEM32\CRYPTSP.dll
0x00007ffe5ea10000 - 0x00007ffe5ea45000 	C:\windows\system32\rsaenh.dll
0x00007ffe5f010000 - 0x00007ffe5f039000 	C:\windows\SYSTEM32\USERENV.dll
0x00007ffe5f360000 - 0x00007ffe5f387000 	C:\windows\SYSTEM32\bcrypt.dll
0x00007ffe5f180000 - 0x00007ffe5f18c000 	C:\windows\SYSTEM32\CRYPTBASE.dll
0x00007ffe3cdb0000 - 0x00007ffe3cdbe000 	C:\Program Files\Java\jdk-21\bin\sunmscapi.dll
0x00007ffe600d0000 - 0x00007ffe60232000 	C:\windows\System32\CRYPT32.dll
0x00007ffe5f330000 - 0x00007ffe5f358000 	C:\windows\SYSTEM32\ncrypt.dll
0x00007ffe5f2f0000 - 0x00007ffe5f327000 	C:\windows\SYSTEM32\NTASN1.dll
0x00007ffe2dd10000 - 0x00007ffe2dd18000 	C:\windows\system32\wshunix.dll

dbghelp: loaded successfully - version: 4.0.5 - missing functions: none
symbol engine: initialized successfully - sym options: 0x614 - pdb path: .;C:\Program Files\Java\jdk-21\bin;C:\windows\SYSTEM32;C:\windows\WinSxS\amd64_microsoft.windows.common-controls_6595b64144ccf1df_6.0.22000.120_none_9d947278b86cc467;C:\Program Files\Java\jdk-21\bin\server;C:\Users\Arjun\.gradle\native\1def1411415f61bf3af743bc5b6707747c0891f09f0c88961ee8f79bc544acac\windows-amd64;C:\Users\Arjun\.gradle\native\jansi\1.18\windows64

VM Arguments:
jvm_args: -Xmx64m -Xms64m -Dorg.gradle.appname=gradlew 
java_command: D:\Reactnative\CRM\Crm-App\android\\gradle\wrapper\gradle-wrapper.jar app:installDebug -PreactNativeDevServerPort=8081
java_class_path (initial): D:\Reactnative\CRM\Crm-App\android\\gradle\wrapper\gradle-wrapper.jar
Launcher Type: SUN_STANDARD

[Global flags]
     intx CICompilerCount                          = 4                                         {product} {ergonomic}
     uint ConcGCThreads                            = 3                                         {product} {ergonomic}
     uint G1ConcRefinementThreads                  = 10                                        {product} {ergonomic}
   size_t G1HeapRegionSize                         = 1048576                                   {product} {ergonomic}
    uintx GCDrainStackTargetSize                   = 64                                        {product} {ergonomic}
   size_t InitialHeapSize                          = 67108864                                  {product} {command line}
   size_t MarkStackSize                            = 4194304                                   {product} {ergonomic}
   size_t MaxHeapSize                              = 67108864                                  {product} {command line}
   size_t MaxNewSize                               = 39845888                                  {product} {ergonomic}
   size_t MinHeapDeltaBytes                        = 1048576                                   {product} {ergonomic}
   size_t MinHeapSize                              = 67108864                                  {product} {command line}
    uintx NonNMethodCodeHeapSize                   = 5839372                                {pd product} {ergonomic}
    uintx NonProfiledCodeHeapSize                  = 122909434                              {pd product} {ergonomic}
    uintx ProfiledCodeHeapSize                     = 122909434                              {pd product} {ergonomic}
    uintx ReservedCodeCacheSize                    = 251658240                              {pd product} {ergonomic}
     bool SegmentedCodeCache                       = true                                      {product} {ergonomic}
   size_t SoftMaxHeapSize                          = 67108864                               {manageable} {ergonomic}
     bool UseCompressedOops                        = true                           {product lp64_product} {ergonomic}
     bool UseG1GC                                  = true                                      {product} {ergonomic}
     bool UseLargePagesIndividualAllocation        = false                                  {pd product} {ergonomic}

Logging:
Log output configuration:
 #0: stdout all=warning uptime,level,tags foldmultilines=false
 #1: stderr all=off uptime,level,tags foldmultilines=false

Environment Variables:
JAVA_HOME=C:\Program Files\Java\jdk-21
PATH=D:\Reactnative\CRM\Crm-App\node_modules\.bin;D:\Reactnative\CRM\node_modules\.bin;D:\Reactnative\node_modules\.bin;D:\node_modules\.bin;C:\Users\Arjun\AppData\Roaming\npm\node_modules\npm\node_modules\@npmcli\run-script\lib\node-gyp-bin;C:\Program Files\Java\jdk-21\bin;C:\Program Files\Microsoft\jdk-17.0.12.7-hotspot\bin;C:\windows\system32;C:\windows;C:\windows\System32\Wbem;C:\windows\System32\WindowsPowerShell\v1.0\;C:\windows\System32\OpenSSH\;C:\Program Files (x86)\NVIDIA Corporation\PhysX\Common;C:\Program Files\NVIDIA Corporation\NVIDIA NvDLISR;C:\MinGW\bin;C:\MinGW\bin;C:\Program Files\MySQL\MySQL Server 8.0\bin;C:\Program Files\Git\cmd;C:\ProgramData\chocolatey\bin;C:\Users\Arjun\AppData\Local\Android\Sdk;C:\Users\Arjun\AppData\Local\Android\Sdk\platform-tools;C:\Program Files\Java\jdk-21\bin;C:\Users\Arjun\AppData\Local\Android\Sdk\platform-tools;C:\Program Files\nodejs\;c:\Users\Arjun\AppData\Local\Programs\cursor\resources\app\bin;C:\Users\Arjun\AppData\Local\Android\Sdk\tools;C:\Program Files\dotnet\;C:\Users\Arjun\AppData\Local\Android\Sdk\tools;C:\Users\Arjun\AppData\Local\Android\Sdk\platform-tools;C:\Program Files\MySQL\MySQL Shell 8.0\bin\;C:\Users\Arjun\AppData\Local\Microsoft\WindowsApps;C:\Program Files\nodejs\;C:\Program Files\MongoDB\Server\7.0\bin;C:\Program Files\Java\jdk-21\bin;C:\Users\Arjun\AppData\Local\Android\Sdk;C:\Users\Arjun\AppData\Local\Android\Sdk\platform-tools;C:\Users\Arjun\AppData\Roaming\npm;C:\Users\Arjun\AppData\Local\Programs\cursor\resources\app\bin;C:\Program Files\Java\jdk-21\bin;C:\Users\Arjun\AppData\Local\Programs\Microsoft VS Code\bin;C:\Users\Arjun\AppData\Local\Programs\Antigravity\bin;c:\Users\Arjun\.antigravity\extensions\vscjava.vscode-java-debug-0.58.5-universal\bundled\scripts\noConfigScripts
USERNAME=Arjun
LANG=en_US.UTF-8
OS=Windows_NT
PROCESSOR_IDENTIFIER=AMD64 Family 25 Model 80 Stepping 0, AuthenticAMD
TMP=C:\Users\Arjun\AppData\Local\Temp
TEMP=C:\Users\Arjun\AppData\Local\Temp




Periodic native trim disabled

---------------  S Y S T E M  ---------------

OS:
 Windows 11 , 64 bit Build 22000 (10.0.22000.1516)
OS uptime: 0 days 4:09 hours
Hyper-V role detected

CPU: total 12 (initial active 12) (12 cores per cpu, 2 threads per core) family 25 model 80 stepping 0 microcode 0x0, cx8, cmov, fxsr, ht, mmx, 3dnowpref, sse, sse2, sse3, ssse3, sse4a, sse4.1, sse4.2, popcnt, lzcnt, tsc, tscinvbit, avx, avx2, aes, erms, clmul, bmi1, bmi2, adx, sha, fma, vzeroupper, clflush, clflushopt, hv, rdtscp, rdpid, fsrm, f16c, cet_ss
Processor Information for processor 0
  Max Mhz: 3301, Current Mhz: 3301, Mhz Limit: 3301
Processor Information for processor 1
  Max Mhz: 3301, Current Mhz: 3301, Mhz Limit: 3301
Processor Information for processor 2
  Max Mhz: 3301, Current Mhz: 3301, Mhz Limit: 3301
Processor Information for processor 3
  Max Mhz: 3301, Current Mhz: 2630, Mhz Limit: 3301
Processor Information for processor 4
  Max Mhz: 3301, Current Mhz: 3301, Mhz Limit: 3301
Processor Information for processor 5
  Max Mhz: 3301, Current Mhz: 2630, Mhz Limit: 3301
Processor Information for processor 6
  Max Mhz: 3301, Current Mhz: 3301, Mhz Limit: 3301
Processor Information for processor 7
  Max Mhz: 3301, Current Mhz: 2630, Mhz Limit: 3301
Processor Information for processor 8
  Max Mhz: 3301, Current Mhz: 3301, Mhz Limit: 3301
Processor Information for processor 9
  Max Mhz: 3301, Current Mhz: 3301, Mhz Limit: 3301
Processor Information for processor 10
  Max Mhz: 3301, Current Mhz: 2630, Mhz Limit: 3301
Processor Information for processor 11
  Max Mhz: 3301, Current Mhz: 2630, Mhz Limit: 3301

Memory: 4k page, system-wide physical 7523M (667M free)
TotalPageFile size 31075M (AvailPageFile size 50M)
current process WorkingSet (physical memory assigned to process): 7M, peak: 112M
current process commit charge ("private bytes"): 170M, peak: 175M

vm_info: Java HotSpot(TM) 64-Bit Server VM (21.0.7+8-LTS-245) for windows-amd64 JRE (21.0.7+8-LTS-245), built on 2025-02-21T05:11:27Z by "mach5one" with MS VC++ 17.6 (VS2022)

END.
